This file contains any messages produced by compilers while
running configure, to aid debugging if configure makes a mistake.

It was created by fpac configure 4.1.5-rc9, which was
generated by GNU Autoconf 2.72.  Invocation command line was

  $ ./configure

## --------- ##
## Platform. ##
## --------- ##

hostname = ubuntu-f6bvp
uname -m = x86_64
uname -r = 6.19.0-f6bvp+
uname -s = Linux
uname -v = #64 SMP PREEMPT_DYNAMIC Thu Mar 26 13:10:01 CET 2026

/usr/bin/uname -p = unknown
/bin/uname -X     = unknown

/bin/arch              = x86_64
/usr/bin/arch -k       = unknown
/usr/convex/getsysinfo = unknown
/usr/bin/hostinfo      = unknown
/bin/machine           = unknown
/usr/bin/oslevel       = unknown
/bin/universe          = unknown

PATH: /root/.local/bin/
PATH: /usr/local/sbin/
PATH: /usr/local/bin/
PATH: /usr/sbin/
PATH: /usr/bin/
PATH: /sbin/
PATH: /bin/
PATH: /usr/games/
PATH: /usr/local/games/
PATH: /snap/bin/


## ----------- ##
## Core tests. ##
## ----------- ##

configure:2538: looking for aux files: config.guess config.sub ltmain.sh compile ar-lib missing install-sh
configure:2551:  trying ./
configure:2580:   ./config.guess found
configure:2580:   ./config.sub found
configure:2580:   ./ltmain.sh found
configure:2580:   ./compile found
configure:2580:   ./ar-lib found
configure:2580:   ./missing found
configure:2562:   ./install-sh found
configure:2710: checking for a BSD-compatible install
configure:2784: result: /usr/bin/install -c
configure:2795: checking whether sleep supports fractional seconds
configure:2811: result: yes
configure:2814: checking filesystem timestamp resolution
configure:2949: result: 0.01
configure:2954: checking whether build environment is sane
configure:2995: result: yes
configure:3166: checking for a race-free mkdir -p
configure:3209: result: mkdir -p
configure:3216: checking for gawk
configure:3237: found /usr/bin/gawk
configure:3249: result: gawk
configure:3260: checking whether make sets $(MAKE)
configure:3284: result: yes
configure:3310: checking whether make supports nested variables
configure:3329: result: yes
configure:3343: checking xargs -n works
configure:3359: result: yes
configure:3475: checking whether make supports the include directive
configure:3490: make -f confmf.GNU && cat confinc.out
this is the am__doit target
configure:3493: $? = 0
configure:3512: result: yes (GNU style)
configure:3589: checking for gcc
configure:3610: found /usr/bin/gcc
configure:3622: result: gcc
configure:3981: checking for C compiler version
configure:3990: gcc --version >&5
gcc (Ubuntu 15.2.0-4ubuntu4) 15.2.0
Copyright (C) 2025 Free Software Foundation, Inc.
This is free software; see the source for copying conditions.  There is NO
warranty; not even for MERCHANTABILITY or FITNESS FOR A PARTICULAR PURPOSE.

configure:4001: $? = 0
configure:3990: gcc -v >&5
Using built-in specs.
COLLECT_GCC=gcc
COLLECT_LTO_WRAPPER=/usr/libexec/gcc/x86_64-linux-gnu/15/lto-wrapper
OFFLOAD_TARGET_NAMES=nvptx-none:amdgcn-amdhsa
OFFLOAD_TARGET_DEFAULT=1
Target: x86_64-linux-gnu
Configured with: ../src/configure -v --with-pkgversion='Ubuntu 15.2.0-4ubuntu4' --with-bugurl=file:///usr/share/doc/gcc-15/README.Bugs --enable-languages=c,ada,c++,go,d,fortran,objc,obj-c++,m2,rust,cobol,algol68 --prefix=/usr --with-gcc-major-version-only --program-suffix=-15 --program-prefix=x86_64-linux-gnu- --enable-shared --enable-linker-build-id --libexecdir=/usr/libexec --without-included-gettext --enable-threads=posix --libdir=/usr/lib --enable-nls --enable-bootstrap --enable-clocale=gnu --enable-libstdcxx-debug --enable-libstdcxx-time=yes --with-default-libstdcxx-abi=new --enable-libstdcxx-backtrace --enable-gnu-unique-object --disable-vtable-verify --enable-plugin --enable-default-pie --with-system-zlib --enable-libphobos-checking=release --with-target-system-zlib=auto --enable-objc-gc=auto --enable-multiarch --disable-werror --enable-cet --with-arch-32=i686 --with-abi=m64 --with-multilib-list=m32,m64,mx32 --enable-multilib --with-tune=generic --enable-offload-targets=nvptx-none=/build/gcc-15-deiAlw/gcc-15-15.2.0/debian/tmp-nvptx/usr,amdgcn-amdhsa=/build/gcc-15-deiAlw/gcc-15-15.2.0/debian/tmp-gcn/usr --enable-offload-defaulted --without-cuda-driver --enable-checking=release --build=x86_64-linux-gnu --host=x86_64-linux-gnu --target=x86_64-linux-gnu --with-build-config=bootstrap-lto-lean --enable-link-serialization=2
Thread model: posix
Supported LTO compression algorithms: zlib zstd
gcc version 15.2.0 (Ubuntu 15.2.0-4ubuntu4) 
... rest of stderr output deleted ...
configure:4001: $? = 0
configure:3990: gcc -V >&5
gcc: error: unrecognized command-line option '-V'
gcc: fatal error: no input files
compilation terminated.
configure:4001: $? = 1
configure:3990: gcc -qversion >&5
gcc: error: unrecognized command-line option '-qversion'; did you mean '--version'?
gcc: fatal error: no input files
compilation terminated.
configure:4001: $? = 1
configure:3990: gcc -version >&5
gcc: error: unrecognized command-line option '-version'
gcc: fatal error: no input files
compilation terminated.
configure:4001: $? = 1
configure:4021: checking whether the C compiler works
configure:4043: gcc    conftest.c  >&5
configure:4047: $? = 0
configure:4098: result: yes
configure:4102: checking for C compiler default output file name
configure:4104: result: a.out
configure:4110: checking for suffix of executables
configure:4117: gcc -o conftest    conftest.c  >&5
configure:4121: $? = 0
configure:4145: result: 
configure:4169: checking whether we are cross compiling
configure:4177: gcc -o conftest    conftest.c  >&5
configure:4181: $? = 0
configure:4188: ./conftest
configure:4192: $? = 0
configure:4207: result: no
configure:4213: checking for suffix of object files
configure:4236: gcc -c   conftest.c >&5
configure:4240: $? = 0
configure:4264: result: o
configure:4268: checking whether the compiler supports GNU C
configure:4288: gcc -c   conftest.c >&5
configure:4288: $? = 0
configure:4300: result: yes
configure:4311: checking whether gcc accepts -g
configure:4332: gcc -c -g  conftest.c >&5
configure:4332: $? = 0
configure:4379: result: yes
configure:4399: checking for gcc option to enable C11 features
configure:4414: gcc  -c -g -O2  conftest.c >&5
configure:4414: $? = 0
configure:4433: result: none needed
configure:4557: checking whether gcc understands -c and -o together
configure:4580: gcc -c conftest.c -o conftest2.o
configure:4583: $? = 0
configure:4580: gcc -c conftest.c -o conftest2.o
configure:4583: $? = 0
configure:4596: result: yes
configure:4615: checking dependency style of gcc
configure:4728: result: gcc3
configure:4800: checking for ar
configure:4821: found /usr/bin/ar
configure:4833: result: ar
configure:4860: checking the archiver (ar) interface
configure:4877: gcc -c -g -O2  conftest.c >&5
configure:4877: $? = 0
configure:4880: ar cr libconftest.a conftest.o >&5
configure:4883: $? = 0
configure:4912: result: ar
configure:5002: checking for gcc
configure:5035: result: gcc
configure:5394: checking for C compiler version
configure:5403: gcc --version >&5
gcc (Ubuntu 15.2.0-4ubuntu4) 15.2.0
Copyright (C) 2025 Free Software Foundation, Inc.
This is free software; see the source for copying conditions.  There is NO
warranty; not even for MERCHANTABILITY or FITNESS FOR A PARTICULAR PURPOSE.

configure:5414: $? = 0
configure:5403: gcc -v >&5
Using built-in specs.
COLLECT_GCC=gcc
COLLECT_LTO_WRAPPER=/usr/libexec/gcc/x86_64-linux-gnu/15/lto-wrapper
OFFLOAD_TARGET_NAMES=nvptx-none:amdgcn-amdhsa
OFFLOAD_TARGET_DEFAULT=1
Target: x86_64-linux-gnu
Configured with: ../src/configure -v --with-pkgversion='Ubuntu 15.2.0-4ubuntu4' --with-bugurl=file:///usr/share/doc/gcc-15/README.Bugs --enable-languages=c,ada,c++,go,d,fortran,objc,obj-c++,m2,rust,cobol,algol68 --prefix=/usr --with-gcc-major-version-only --program-suffix=-15 --program-prefix=x86_64-linux-gnu- --enable-shared --enable-linker-build-id --libexecdir=/usr/libexec --without-included-gettext --enable-threads=posix --libdir=/usr/lib --enable-nls --enable-bootstrap --enable-clocale=gnu --enable-libstdcxx-debug --enable-libstdcxx-time=yes --with-default-libstdcxx-abi=new --enable-libstdcxx-backtrace --enable-gnu-unique-object --disable-vtable-verify --enable-plugin --enable-default-pie --with-system-zlib --enable-libphobos-checking=release --with-target-system-zlib=auto --enable-objc-gc=auto --enable-multiarch --disable-werror --enable-cet --with-arch-32=i686 --with-abi=m64 --with-multilib-list=m32,m64,mx32 --enable-multilib --with-tune=generic --enable-offload-targets=nvptx-none=/build/gcc-15-deiAlw/gcc-15-15.2.0/debian/tmp-nvptx/usr,amdgcn-amdhsa=/build/gcc-15-deiAlw/gcc-15-15.2.0/debian/tmp-gcn/usr --enable-offload-defaulted --without-cuda-driver --enable-checking=release --build=x86_64-linux-gnu --host=x86_64-linux-gnu --target=x86_64-linux-gnu --with-build-config=bootstrap-lto-lean --enable-link-serialization=2
Thread model: posix
Supported LTO compression algorithms: zlib zstd
gcc version 15.2.0 (Ubuntu 15.2.0-4ubuntu4) 
... rest of stderr output deleted ...
configure:5414: $? = 0
configure:5403: gcc -V >&5
gcc: error: unrecognized command-line option '-V'
gcc: fatal error: no input files
compilation terminated.
configure:5414: $? = 1
configure:5403: gcc -qversion >&5
gcc: error: unrecognized command-line option '-qversion'; did you mean '--version'?
gcc: fatal error: no input files
compilation terminated.
configure:5414: $? = 1
configure:5403: gcc -version >&5
gcc: error: unrecognized command-line option '-version'
gcc: fatal error: no input files
compilation terminated.
configure:5414: $? = 1
configure:5418: checking whether the compiler supports GNU C
configure:5450: result: yes
configure:5461: checking whether gcc accepts -g
configure:5529: result: yes
configure:5549: checking for gcc option to enable C11 features
configure:5583: result: none needed
configure:5707: checking whether gcc understands -c and -o together
configure:5746: result: yes
configure:5765: checking dependency style of gcc
configure:5878: result: gcc3
configure:5926: checking build system type
configure:5942: result: x86_64-pc-linux-gnu
configure:5962: checking host system type
configure:5977: result: x86_64-pc-linux-gnu
configure:6018: checking how to print strings
configure:6045: result: printf
configure:6066: checking for a sed that does not truncate output
configure:6138: result: /usr/bin/sed
configure:6156: checking for grep that handles long lines and -e
configure:6222: result: /usr/bin/grep
configure:6227: checking for egrep
configure:6297: result: /usr/bin/grep -E
configure:6304: checking for fgrep
configure:6374: result: /usr/bin/grep -F
configure:6411: checking for ld used by gcc
configure:6480: result: /usr/bin/x86_64-linux-gnu-ld
configure:6487: checking if the linker (/usr/bin/x86_64-linux-gnu-ld) is GNU ld
configure:6504: result: yes
configure:6516: checking for BSD- or MS-compatible name lister (nm)
configure:6572: result: /usr/bin/nm -B
configure:6714: checking the name lister (/usr/bin/nm -B) interface
configure:6722: gcc -c -g -O2  conftest.c >&5
configure:6725: /usr/bin/nm -B "conftest.o"
configure:6728: output
0000000000000000 B some_variable
configure:6736: result: BSD nm
configure:6739: checking whether ln -s works
configure:6743: result: yes
configure:6751: checking the maximum length of command line arguments
configure:6884: result: 1572864
configure:6932: checking how to convert x86_64-pc-linux-gnu file names to x86_64-pc-linux-gnu format
configure:6974: result: func_convert_file_noop
configure:6981: checking how to convert x86_64-pc-linux-gnu file names to toolchain format
configure:7003: result: func_convert_file_noop
configure:7010: checking for /usr/bin/x86_64-linux-gnu-ld option to reload object files
configure:7019: result: -r
configure:7052: checking for file
configure:7073: found /usr/bin/file
configure:7086: result: file
configure:7149: checking for objdump
configure:7170: found /usr/bin/objdump
configure:7182: result: objdump
configure:7214: checking how to recognize dependent libraries
configure:7423: result: pass_all
configure:7514: checking for dlltool
configure:7550: result: no
configure:7580: checking how to associate runtime and link libraries
configure:7609: result: printf %s\n
configure:7669: checking for ranlib
configure:7690: found /usr/bin/ranlib
configure:7702: result: ranlib
configure:7865: checking for archiver @FILE support
configure:7883: gcc -c -g -O2  conftest.c >&5
configure:7883: $? = 0
configure:7887: ar cr libconftest.a @conftest.lst >&5
configure:7890: $? = 0
configure:7895: ar cr libconftest.a @conftest.lst >&5
ar: conftest.o: No such file or directory
configure:7898: $? = 1
configure:7911: result: @
configure:7975: checking for strip
configure:7996: found /usr/bin/strip
configure:8008: result: strip
configure:8111: checking command to parse /usr/bin/nm -B output from gcc object
configure:8265: gcc -c -g -O2  conftest.c >&5
configure:8268: $? = 0
configure:8272: /usr/bin/nm -B conftest.o | /usr/bin/sed -n -e 's/^.*[	 ]\([ABCDGIRSTW][ABCDGIRSTW]*\)[	 ][	 ]*\([_A-Za-z][_A-Za-z0-9]*\)$/\1 \2 \2/p' | /usr/bin/sed '/ __gnu_lto/d' > conftest.nm
configure:8338: gcc -o conftest -g -O2   conftest.c conftstm.o >&5
configure:8341: $? = 0
configure:8380: result: ok
configure:8427: checking for sysroot
configure:8461: result: no
configure:8468: checking for a working dd
configure:8513: result: /usr/bin/dd
configure:8517: checking how to truncate binary pipes
configure:8534: result: /usr/bin/dd bs=4096 count=1
configure:8671: gcc -c -g -O2  conftest.c >&5
configure:8674: $? = 0
configure:8874: checking for mt
configure:8895: found /usr/bin/mt
configure:8907: result: mt
configure:8930: checking if mt is a manifest tool
configure:8937: mt '-?'
configure:8946: result: no
configure:9743: checking for stdio.h
configure:9743: gcc -c -g -O2  conftest.c >&5
configure:9743: $? = 0
configure:9743: result: yes
configure:9743: checking for stdlib.h
configure:9743: gcc -c -g -O2  conftest.c >&5
configure:9743: $? = 0
configure:9743: result: yes
configure:9743: checking for string.h
configure:9743: gcc -c -g -O2  conftest.c >&5
configure:9743: $? = 0
configure:9743: result: yes
configure:9743: checking for inttypes.h
configure:9743: gcc -c -g -O2  conftest.c >&5
configure:9743: $? = 0
configure:9743: result: yes
configure:9743: checking for stdint.h
configure:9743: gcc -c -g -O2  conftest.c >&5
configure:9743: $? = 0
configure:9743: result: yes
configure:9743: checking for strings.h
configure:9743: gcc -c -g -O2  conftest.c >&5
configure:9743: $? = 0
configure:9743: result: yes
configure:9743: checking for sys/stat.h
configure:9743: gcc -c -g -O2  conftest.c >&5
configure:9743: $? = 0
configure:9743: result: yes
configure:9743: checking for sys/types.h
configure:9743: gcc -c -g -O2  conftest.c >&5
configure:9743: $? = 0
configure:9743: result: yes
configure:9743: checking for unistd.h
configure:9743: gcc -c -g -O2  conftest.c >&5
configure:9743: $? = 0
configure:9743: result: yes
configure:9743: checking for sys/time.h
configure:9743: gcc -c -g -O2  conftest.c >&5
configure:9743: $? = 0
configure:9743: result: yes
configure:9743: checking for vfork.h
configure:9743: gcc -c -g -O2  conftest.c >&5
conftest.c:49:10: fatal error: vfork.h: No such file or directory
   49 | #include <vfork.h>
      |          ^~~~~~~~~
compilation terminated.
configure:9743: $? = 1
configure: failed program was:
| /* confdefs.h */
| #define PACKAGE_NAME "fpac"
| #define PACKAGE_TARNAME "fpac"
| #define PACKAGE_VERSION "4.1.5-rc9"
| #define PACKAGE_STRING "fpac 4.1.5-rc9"
| #define PACKAGE_BUGREPORT "bernard.f6bvp@gmail.com"
| #define PACKAGE_URL ""
| #define PACKAGE "fpac"
| #define VERSION "4.1.5-rc9"
| #define HAVE_STDIO_H 1
| #define HAVE_STDLIB_H 1
| #define HAVE_STRING_H 1
| #define HAVE_INTTYPES_H 1
| #define HAVE_STDINT_H 1
| #define HAVE_STRINGS_H 1
| #define HAVE_SYS_STAT_H 1
| #define HAVE_SYS_TYPES_H 1
| #define HAVE_UNISTD_H 1
| #define HAVE_SYS_TIME_H 1
| /* end confdefs.h.  */
| #include <stddef.h>
| #ifdef HAVE_STDIO_H
| # include <stdio.h>
| #endif
| #ifdef HAVE_STDLIB_H
| # include <stdlib.h>
| #endif
| #ifdef HAVE_STRING_H
| # include <string.h>
| #endif
| #ifdef HAVE_INTTYPES_H
| # include <inttypes.h>
| #endif
| #ifdef HAVE_STDINT_H
| # include <stdint.h>
| #endif
| #ifdef HAVE_STRINGS_H
| # include <strings.h>
| #endif
| #ifdef HAVE_SYS_TYPES_H
| # include <sys/types.h>
| #endif
| #ifdef HAVE_SYS_STAT_H
| # include <sys/stat.h>
| #endif
| #ifdef HAVE_UNISTD_H
| # include <unistd.h>
| #endif
| #include <vfork.h>
configure:9743: result: no
configure:9743: checking for sys/param.h
configure:9743: gcc -c -g -O2  conftest.c >&5
configure:9743: $? = 0
configure:9743: result: yes
configure:9743: checking for sys/select.h
configure:9743: gcc -c -g -O2  conftest.c >&5
configure:9743: $? = 0
configure:9743: result: yes
configure:9743: checking for sys/socket.h
configure:9743: gcc -c -g -O2  conftest.c >&5
configure:9743: $? = 0
configure:9743: result: yes
configure:9768: checking for dlfcn.h
configure:9768: gcc -c -g -O2  conftest.c >&5
configure:9768: $? = 0
configure:9768: result: yes
configure:10071: checking for objdir
configure:10088: result: .libs
configure:10354: checking if gcc supports -fno-rtti -fno-exceptions
configure:10373: gcc -c -g -O2  -fno-rtti -fno-exceptions conftest.c >&5
cc1: warning: command-line option '-fno-rtti' is valid for C++/D/ObjC++ but not for C
configure:10377: $? = 0
configure:10391: result: no
configure:10770: checking for gcc option to produce PIC
configure:10779: result: -fPIC -DPIC
configure:10787: checking if gcc PIC flag -fPIC -DPIC works
configure:10806: gcc -c -g -O2  -fPIC -DPIC -DPIC conftest.c >&5
configure:10810: $? = 0
configure:10824: result: yes
configure:10853: checking if gcc static flag -static works
configure:10883: result: yes
configure:10898: checking if gcc supports -c -o file.o
configure:10920: gcc -c -g -O2  -o out/conftest2.o conftest.c >&5
configure:10924: $? = 0
configure:10947: result: yes
configure:10955: checking if gcc supports -c -o file.o
configure:11004: result: yes
configure:11037: checking whether the gcc linker (/usr/bin/x86_64-linux-gnu-ld -m elf_x86_64) supports shared libraries
configure:12325: result: yes
configure:12362: checking whether -lc should be explicitly linked in
configure:12371: gcc -c -g -O2  conftest.c >&5
configure:12374: $? = 0
configure:12389: gcc -shared  -fPIC -DPIC conftest.o  -v -Wl,-soname -Wl,conftest -o conftest 2\>\&1 \| /usr/bin/grep  -lc  \>/dev/null 2\>\&1
configure:12392: $? = 0
configure:12407: result: no
configure:12567: checking dynamic linker characteristics
configure:13186: gcc -o conftest -g -O2   -Wl,-rpath -Wl,/foo conftest.c  >&5
configure:13186: $? = 0
configure:13969: result: GNU/Linux ld.so
configure:14091: checking how to hardcode library paths into programs
configure:14116: result: immediate
configure:14716: checking whether stripping libraries is possible
configure:14725: result: yes
configure:14767: checking if libtool supports shared libraries
configure:14769: result: yes
configure:14772: checking whether to build shared libraries
configure:14797: result: yes
configure:14800: checking whether to build static libraries
configure:14804: result: yes
configure:14846: checking for ax25_config_load_ports in -lax25
configure:14875: gcc -o conftest -g -O2   conftest.c -lax25   >&5
configure:14875: $? = 0
configure:14887: result: yes
configure:14897: checking for initscr in -lncurses
configure:14926: gcc -o conftest -g -O2   conftest.c -lncurses   >&5
configure:14926: $? = 0
configure:14938: result: yes
configure:14948: checking for cos in -lm
configure:14977: gcc -o conftest -g -O2   conftest.c -lm   >&5
conftest.c:37:6: warning: conflicting types for built-in function 'cos'; expected 'double(double)' [-Wbuiltin-declaration-mismatch]
   37 | char cos (void);
      |      ^~~
conftest.c:1:1: note: 'cos' is declared in header '<math.h>'
    1 | /* confdefs.h */
configure:14977: $? = 0
configure:14989: result: yes
configure:15004: checking for dirent.h that defines DIR
configure:15024: gcc -c -g -O2  conftest.c >&5
configure:15024: $? = 0
configure:15035: result: yes
configure:15049: checking for library containing opendir
configure:15085: gcc -o conftest -g -O2   conftest.c  >&5
configure:15085: $? = 0
configure:15107: result: none required
configure:15189: checking for egrep
configure:15259: result: /usr/bin/grep -E
configure:15267: checking for sys/wait.h that is POSIX.1 compatible
configure:15294: gcc -c -g -O2  conftest.c >&5
configure:15294: $? = 0
configure:15304: result: yes
configure:15315: checking for assert.h
configure:15315: gcc -c -g -O2  conftest.c >&5
configure:15315: $? = 0
configure:15315: result: yes
configure:15315: checking for ctype.h
configure:15315: gcc -c -g -O2  conftest.c >&5
configure:15315: $? = 0
configure:15315: result: yes
configure:15315: checking for errno.h
configure:15315: gcc -c -g -O2  conftest.c >&5
configure:15315: $? = 0
configure:15315: result: yes
configure:15315: checking for malloc.h
configure:15315: gcc -c -g -O2  conftest.c >&5
configure:15315: $? = 0
configure:15315: result: yes
configure:15315: checking for netdb.h
configure:15315: gcc -c -g -O2  conftest.c >&5
configure:15315: $? = 0
configure:15315: result: yes
configure:15315: checking for paths.h
configure:15315: gcc -c -g -O2  conftest.c >&5
configure:15315: $? = 0
configure:15315: result: yes
configure:15315: checking for signal.h
configure:15315: gcc -c -g -O2  conftest.c >&5
configure:15315: $? = 0
configure:15315: result: yes
configure:15315: checking for stdlib.h
configure:15315: result: yes
configure:15315: checking for string.h
configure:15315: result: yes
configure:15315: checking for syslog.h
configure:15315: gcc -c -g -O2  conftest.c >&5
configure:15315: $? = 0
configure:15315: result: yes
configure:15315: checking for termios.h
configure:15315: gcc -c -g -O2  conftest.c >&5
configure:15315: $? = 0
configure:15315: result: yes
configure:15315: checking for unistd.h
configure:15315: result: yes
configure:15315: checking for utmp.h
configure:15315: gcc -c -g -O2  conftest.c >&5
configure:15315: $? = 0
configure:15315: result: yes
configure:15315: checking for sys/fcntl.h
configure:15315: gcc -c -g -O2  conftest.c >&5
configure:15315: $? = 0
configure:15315: result: yes
configure:15315: checking for sys/file.h
configure:15315: gcc -c -g -O2  conftest.c >&5
configure:15315: $? = 0
configure:15315: result: yes
configure:15315: checking for sys/ioctl.h
configure:15315: gcc -c -g -O2  conftest.c >&5
configure:15315: $? = 0
configure:15315: result: yes
configure:15315: checking for sys/ipc.h
configure:15315: gcc -c -g -O2  conftest.c >&5
configure:15315: $? = 0
configure:15315: result: yes
configure:15315: checking for sys/mman.h
configure:15315: gcc -c -g -O2  conftest.c >&5
configure:15315: $? = 0
configure:15315: result: yes
configure:15315: checking for sys/param.h
configure:15315: result: yes
configure:15315: checking for sys/socket.h
configure:15315: result: yes
configure:15315: checking for sys/stat.h
configure:15315: result: yes
configure:15315: checking for sys/time.h
configure:15315: result: yes
configure:15315: checking for sys/un.h
configure:15315: gcc -c -g -O2  conftest.c >&5
configure:15315: $? = 0
configure:15315: result: yes
configure:15315: checking for sys/utsname.h
configure:15315: gcc -c -g -O2  conftest.c >&5
configure:15315: $? = 0
configure:15315: result: yes
configure:15315: checking for sys/types.h
configure:15315: result: yes
configure:15315: checking for arpa/inet.h
configure:15315: gcc -c -g -O2  conftest.c >&5
configure:15315: $? = 0
configure:15315: result: yes
configure:15315: checking for net/ethernet.h
configure:15315: gcc -c -g -O2  conftest.c >&5
configure:15315: $? = 0
configure:15315: result: yes
configure:15315: checking for net/if.h
configure:15315: gcc -c -g -O2  conftest.c >&5
configure:15315: $? = 0
configure:15315: result: yes
configure:15315: checking for net/if_arp.h
configure:15315: gcc -c -g -O2  conftest.c >&5
configure:15315: $? = 0
configure:15315: result: yes
configure:15315: checking for netinet/in.h
configure:15315: gcc -c -g -O2  conftest.c >&5
configure:15315: $? = 0
configure:15315: result: yes
configure:15315: checking for netinet/ip_icmp.h
configure:15315: gcc -c -g -O2  conftest.c >&5
configure:15315: $? = 0
configure:15315: result: yes
configure:15315: checking for netinet/ip.h
configure:15315: gcc -c -g -O2  conftest.c >&5
configure:15315: $? = 0
configure:15315: result: yes
configure:15315: checking for linux/if_ether.h
configure:15315: gcc -c -g -O2  conftest.c >&5
configure:15315: $? = 0
configure:15315: result: yes
configure:15330: checking for working netax25/ax25.h header file
configure:15337: checking how to run the C preprocessor
configure:15363: gcc -E  conftest.c
configure:15363: $? = 0
configure:15379: gcc -E  conftest.c
conftest.c:62:10: fatal error: ac_nonexistent.h: No such file or directory
   62 | #include <ac_nonexistent.h>
      |          ^~~~~~~~~~~~~~~~~~
compilation terminated.
configure:15379: $? = 1
configure: failed program was:
| /* confdefs.h */
| #define PACKAGE_NAME "fpac"
| #define PACKAGE_TARNAME "fpac"
| #define PACKAGE_VERSION "4.1.5-rc9"
| #define PACKAGE_STRING "fpac 4.1.5-rc9"
| #define PACKAGE_BUGREPORT "bernard.f6bvp@gmail.com"
| #define PACKAGE_URL ""
| #define PACKAGE "fpac"
| #define VERSION "4.1.5-rc9"
| #define HAVE_STDIO_H 1
| #define HAVE_STDLIB_H 1
| #define HAVE_STRING_H 1
| #define HAVE_INTTYPES_H 1
| #define HAVE_STDINT_H 1
| #define HAVE_STRINGS_H 1
| #define HAVE_SYS_STAT_H 1
| #define HAVE_SYS_TYPES_H 1
| #define HAVE_UNISTD_H 1
| #define HAVE_SYS_TIME_H 1
| #define HAVE_SYS_PARAM_H 1
| #define HAVE_SYS_SELECT_H 1
| #define HAVE_SYS_SOCKET_H 1
| #define STDC_HEADERS 1
| #define HAVE_DLFCN_H 1
| #define LT_OBJDIR ".libs/"
| #define HAVE_DIRENT_H 1
| #define HAVE_SYS_WAIT_H 1
| #define HAVE_ASSERT_H 1
| #define HAVE_CTYPE_H 1
| #define HAVE_ERRNO_H 1
| #define HAVE_MALLOC_H 1
| #define HAVE_NETDB_H 1
| #define HAVE_PATHS_H 1
| #define HAVE_SIGNAL_H 1
| #define HAVE_STDLIB_H 1
| #define HAVE_STRING_H 1
| #define HAVE_SYSLOG_H 1
| #define HAVE_TERMIOS_H 1
| #define HAVE_UNISTD_H 1
| #define HAVE_UTMP_H 1
| #define HAVE_SYS_FCNTL_H 1
| #define HAVE_SYS_FILE_H 1
| #define HAVE_SYS_IOCTL_H 1
| #define HAVE_SYS_IPC_H 1
| #define HAVE_SYS_MMAN_H 1
| #define HAVE_SYS_PARAM_H 1
| #define HAVE_SYS_SOCKET_H 1
| #define HAVE_SYS_STAT_H 1
| #define HAVE_SYS_TIME_H 1
| #define HAVE_SYS_UN_H 1
| #define HAVE_SYS_UTSNAME_H 1
| #define HAVE_SYS_TYPES_H 1
| #define HAVE_ARPA_INET_H 1
| #define HAVE_NET_ETHERNET_H 1
| #define HAVE_NET_IF_H 1
| #define HAVE_NET_IF_ARP_H 1
| #define HAVE_NETINET_IN_H 1
| #define HAVE_NETINET_IP_ICMP_H 1
| #define HAVE_NETINET_IP_H 1
| #define HAVE_LINUX_IF_ETHER_H 1
| /* end confdefs.h.  */
| #include <ac_nonexistent.h>
configure:15408: result: gcc -E
configure:15422: gcc -E  conftest.c
configure:15422: $? = 0
configure:15438: gcc -E  conftest.c
conftest.c:62:10: fatal error: ac_nonexistent.h: No such file or directory
   62 | #include <ac_nonexistent.h>
      |          ^~~~~~~~~~~~~~~~~~
compilation terminated.
configure:15438: $? = 1
configure: failed program was:
| /* confdefs.h */
| #define PACKAGE_NAME "fpac"
| #define PACKAGE_TARNAME "fpac"
| #define PACKAGE_VERSION "4.1.5-rc9"
| #define PACKAGE_STRING "fpac 4.1.5-rc9"
| #define PACKAGE_BUGREPORT "bernard.f6bvp@gmail.com"
| #define PACKAGE_URL ""
| #define PACKAGE "fpac"
| #define VERSION "4.1.5-rc9"
| #define HAVE_STDIO_H 1
| #define HAVE_STDLIB_H 1
| #define HAVE_STRING_H 1
| #define HAVE_INTTYPES_H 1
| #define HAVE_STDINT_H 1
| #define HAVE_STRINGS_H 1
| #define HAVE_SYS_STAT_H 1
| #define HAVE_SYS_TYPES_H 1
| #define HAVE_UNISTD_H 1
| #define HAVE_SYS_TIME_H 1
| #define HAVE_SYS_PARAM_H 1
| #define HAVE_SYS_SELECT_H 1
| #define HAVE_SYS_SOCKET_H 1
| #define STDC_HEADERS 1
| #define HAVE_DLFCN_H 1
| #define LT_OBJDIR ".libs/"
| #define HAVE_DIRENT_H 1
| #define HAVE_SYS_WAIT_H 1
| #define HAVE_ASSERT_H 1
| #define HAVE_CTYPE_H 1
| #define HAVE_ERRNO_H 1
| #define HAVE_MALLOC_H 1
| #define HAVE_NETDB_H 1
| #define HAVE_PATHS_H 1
| #define HAVE_SIGNAL_H 1
| #define HAVE_STDLIB_H 1
| #define HAVE_STRING_H 1
| #define HAVE_SYSLOG_H 1
| #define HAVE_TERMIOS_H 1
| #define HAVE_UNISTD_H 1
| #define HAVE_UTMP_H 1
| #define HAVE_SYS_FCNTL_H 1
| #define HAVE_SYS_FILE_H 1
| #define HAVE_SYS_IOCTL_H 1
| #define HAVE_SYS_IPC_H 1
| #define HAVE_SYS_MMAN_H 1
| #define HAVE_SYS_PARAM_H 1
| #define HAVE_SYS_SOCKET_H 1
| #define HAVE_SYS_STAT_H 1
| #define HAVE_SYS_TIME_H 1
| #define HAVE_SYS_UN_H 1
| #define HAVE_SYS_UTSNAME_H 1
| #define HAVE_SYS_TYPES_H 1
| #define HAVE_ARPA_INET_H 1
| #define HAVE_NET_ETHERNET_H 1
| #define HAVE_NET_IF_H 1
| #define HAVE_NET_IF_ARP_H 1
| #define HAVE_NETINET_IN_H 1
| #define HAVE_NETINET_IP_ICMP_H 1
| #define HAVE_NETINET_IP_H 1
| #define HAVE_LINUX_IF_ETHER_H 1
| /* end confdefs.h.  */
| #include <ac_nonexistent.h>
configure:15471: checking for egrep -e
configure:15601: result: /usr/bin/grep -E
configure:15624: result: yes
configure:15640: checking for an ANSI C-conforming const
configure:15707: gcc -c -g -O2  conftest.c >&5
configure:15707: $? = 0
configure:15717: result: yes
configure:15725: checking for off_t
configure:15725: gcc -c -g -O2  conftest.c >&5
configure:15725: $? = 0
configure:15725: gcc -c -g -O2  conftest.c >&5
conftest.c: In function 'main':
conftest.c:94:20: error: expected expression before ')' token
   94 | if (sizeof ((off_t)))
      |                    ^
configure:15725: $? = 1
configure: failed program was:
| /* confdefs.h */
| #define PACKAGE_NAME "fpac"
| #define PACKAGE_TARNAME "fpac"
| #define PACKAGE_VERSION "4.1.5-rc9"
| #define PACKAGE_STRING "fpac 4.1.5-rc9"
| #define PACKAGE_BUGREPORT "bernard.f6bvp@gmail.com"
| #define PACKAGE_URL ""
| #define PACKAGE "fpac"
| #define VERSION "4.1.5-rc9"
| #define HAVE_STDIO_H 1
| #define HAVE_STDLIB_H 1
| #define HAVE_STRING_H 1
| #define HAVE_INTTYPES_H 1
| #define HAVE_STDINT_H 1
| #define HAVE_STRINGS_H 1
| #define HAVE_SYS_STAT_H 1
| #define HAVE_SYS_TYPES_H 1
| #define HAVE_UNISTD_H 1
| #define HAVE_SYS_TIME_H 1
| #define HAVE_SYS_PARAM_H 1
| #define HAVE_SYS_SELECT_H 1
| #define HAVE_SYS_SOCKET_H 1
| #define STDC_HEADERS 1
| #define HAVE_DLFCN_H 1
| #define LT_OBJDIR ".libs/"
| #define HAVE_DIRENT_H 1
| #define HAVE_SYS_WAIT_H 1
| #define HAVE_ASSERT_H 1
| #define HAVE_CTYPE_H 1
| #define HAVE_ERRNO_H 1
| #define HAVE_MALLOC_H 1
| #define HAVE_NETDB_H 1
| #define HAVE_PATHS_H 1
| #define HAVE_SIGNAL_H 1
| #define HAVE_STDLIB_H 1
| #define HAVE_STRING_H 1
| #define HAVE_SYSLOG_H 1
| #define HAVE_TERMIOS_H 1
| #define HAVE_UNISTD_H 1
| #define HAVE_UTMP_H 1
| #define HAVE_SYS_FCNTL_H 1
| #define HAVE_SYS_FILE_H 1
| #define HAVE_SYS_IOCTL_H 1
| #define HAVE_SYS_IPC_H 1
| #define HAVE_SYS_MMAN_H 1
| #define HAVE_SYS_PARAM_H 1
| #define HAVE_SYS_SOCKET_H 1
| #define HAVE_SYS_STAT_H 1
| #define HAVE_SYS_TIME_H 1
| #define HAVE_SYS_UN_H 1
| #define HAVE_SYS_UTSNAME_H 1
| #define HAVE_SYS_TYPES_H 1
| #define HAVE_ARPA_INET_H 1
| #define HAVE_NET_ETHERNET_H 1
| #define HAVE_NET_IF_H 1
| #define HAVE_NET_IF_ARP_H 1
| #define HAVE_NETINET_IN_H 1
| #define HAVE_NETINET_IP_ICMP_H 1
| #define HAVE_NETINET_IP_H 1
| #define HAVE_LINUX_IF_ETHER_H 1
| #define HAVE_NETAX25_AX25_H 1
| /* end confdefs.h.  */
| #include <stddef.h>
| #ifdef HAVE_STDIO_H
| # include <stdio.h>
| #endif
| #ifdef HAVE_STDLIB_H
| # include <stdlib.h>
| #endif
| #ifdef HAVE_STRING_H
| # include <string.h>
| #endif
| #ifdef HAVE_INTTYPES_H
| # include <inttypes.h>
| #endif
| #ifdef HAVE_STDINT_H
| # include <stdint.h>
| #endif
| #ifdef HAVE_STRINGS_H
| # include <strings.h>
| #endif
| #ifdef HAVE_SYS_TYPES_H
| # include <sys/types.h>
| #endif
| #ifdef HAVE_SYS_STAT_H
| # include <sys/stat.h>
| #endif
| #ifdef HAVE_UNISTD_H
| # include <unistd.h>
| #endif
| int
| main (void)
| {
| if (sizeof ((off_t)))
| 	    return 0;
|   ;
|   return 0;
| }
configure:15725: result: yes
configure:15737: checking for pid_t
configure:15737: gcc -c -g -O2  conftest.c >&5
configure:15737: $? = 0
configure:15737: gcc -c -g -O2  conftest.c >&5
conftest.c: In function 'main':
conftest.c:95:20: error: expected expression before ')' token
   95 | if (sizeof ((pid_t)))
      |                    ^
configure:15737: $? = 1
configure: failed program was:
| /* confdefs.h */
| #define PACKAGE_NAME "fpac"
| #define PACKAGE_TARNAME "fpac"
| #define PACKAGE_VERSION "4.1.5-rc9"
| #define PACKAGE_STRING "fpac 4.1.5-rc9"
| #define PACKAGE_BUGREPORT "bernard.f6bvp@gmail.com"
| #define PACKAGE_URL ""
| #define PACKAGE "fpac"
| #define VERSION "4.1.5-rc9"
| #define HAVE_STDIO_H 1
| #define HAVE_STDLIB_H 1
| #define HAVE_STRING_H 1
| #define HAVE_INTTYPES_H 1
| #define HAVE_STDINT_H 1
| #define HAVE_STRINGS_H 1
| #define HAVE_SYS_STAT_H 1
| #define HAVE_SYS_TYPES_H 1
| #define HAVE_UNISTD_H 1
| #define HAVE_SYS_TIME_H 1
| #define HAVE_SYS_PARAM_H 1
| #define HAVE_SYS_SELECT_H 1
| #define HAVE_SYS_SOCKET_H 1
| #define STDC_HEADERS 1
| #define HAVE_DLFCN_H 1
| #define LT_OBJDIR ".libs/"
| #define HAVE_DIRENT_H 1
| #define HAVE_SYS_WAIT_H 1
| #define HAVE_ASSERT_H 1
| #define HAVE_CTYPE_H 1
| #define HAVE_ERRNO_H 1
| #define HAVE_MALLOC_H 1
| #define HAVE_NETDB_H 1
| #define HAVE_PATHS_H 1
| #define HAVE_SIGNAL_H 1
| #define HAVE_STDLIB_H 1
| #define HAVE_STRING_H 1
| #define HAVE_SYSLOG_H 1
| #define HAVE_TERMIOS_H 1
| #define HAVE_UNISTD_H 1
| #define HAVE_UTMP_H 1
| #define HAVE_SYS_FCNTL_H 1
| #define HAVE_SYS_FILE_H 1
| #define HAVE_SYS_IOCTL_H 1
| #define HAVE_SYS_IPC_H 1
| #define HAVE_SYS_MMAN_H 1
| #define HAVE_SYS_PARAM_H 1
| #define HAVE_SYS_SOCKET_H 1
| #define HAVE_SYS_STAT_H 1
| #define HAVE_SYS_TIME_H 1
| #define HAVE_SYS_UN_H 1
| #define HAVE_SYS_UTSNAME_H 1
| #define HAVE_SYS_TYPES_H 1
| #define HAVE_ARPA_INET_H 1
| #define HAVE_NET_ETHERNET_H 1
| #define HAVE_NET_IF_H 1
| #define HAVE_NET_IF_ARP_H 1
| #define HAVE_NETINET_IN_H 1
| #define HAVE_NETINET_IP_ICMP_H 1
| #define HAVE_NETINET_IP_H 1
| #define HAVE_LINUX_IF_ETHER_H 1
| #define HAVE_NETAX25_AX25_H 1
| /* end confdefs.h.  */
| #include <stddef.h>
| #ifdef HAVE_STDIO_H
| # include <stdio.h>
| #endif
| #ifdef HAVE_STDLIB_H
| # include <stdlib.h>
| #endif
| #ifdef HAVE_STRING_H
| # include <string.h>
| #endif
| #ifdef HAVE_INTTYPES_H
| # include <inttypes.h>
| #endif
| #ifdef HAVE_STDINT_H
| # include <stdint.h>
| #endif
| #ifdef HAVE_STRINGS_H
| # include <strings.h>
| #endif
| #ifdef HAVE_SYS_TYPES_H
| # include <sys/types.h>
| #endif
| #ifdef HAVE_SYS_STAT_H
| # include <sys/stat.h>
| #endif
| #ifdef HAVE_UNISTD_H
| # include <unistd.h>
| #endif
| 
| int
| main (void)
| {
| if (sizeof ((pid_t)))
| 	    return 0;
|   ;
|   return 0;
| }
configure:15737: result: yes
configure:15775: checking return type of signal handlers
configure:15794: gcc -c -g -O2  conftest.c >&5
conftest.c: In function 'main':
conftest.c:69:10: error: void value not ignored as it ought to be
   69 | return *(signal (0, 0)) (0) == 1;
      |         ~^~~~~~~~~~~~~~~~~~
configure:15794: $? = 1
configure: failed program was:
| /* confdefs.h */
| #define PACKAGE_NAME "fpac"
| #define PACKAGE_TARNAME "fpac"
| #define PACKAGE_VERSION "4.1.5-rc9"
| #define PACKAGE_STRING "fpac 4.1.5-rc9"
| #define PACKAGE_BUGREPORT "bernard.f6bvp@gmail.com"
| #define PACKAGE_URL ""
| #define PACKAGE "fpac"
| #define VERSION "4.1.5-rc9"
| #define HAVE_STDIO_H 1
| #define HAVE_STDLIB_H 1
| #define HAVE_STRING_H 1
| #define HAVE_INTTYPES_H 1
| #define HAVE_STDINT_H 1
| #define HAVE_STRINGS_H 1
| #define HAVE_SYS_STAT_H 1
| #define HAVE_SYS_TYPES_H 1
| #define HAVE_UNISTD_H 1
| #define HAVE_SYS_TIME_H 1
| #define HAVE_SYS_PARAM_H 1
| #define HAVE_SYS_SELECT_H 1
| #define HAVE_SYS_SOCKET_H 1
| #define STDC_HEADERS 1
| #define HAVE_DLFCN_H 1
| #define LT_OBJDIR ".libs/"
| #define HAVE_DIRENT_H 1
| #define HAVE_SYS_WAIT_H 1
| #define HAVE_ASSERT_H 1
| #define HAVE_CTYPE_H 1
| #define HAVE_ERRNO_H 1
| #define HAVE_MALLOC_H 1
| #define HAVE_NETDB_H 1
| #define HAVE_PATHS_H 1
| #define HAVE_SIGNAL_H 1
| #define HAVE_STDLIB_H 1
| #define HAVE_STRING_H 1
| #define HAVE_SYSLOG_H 1
| #define HAVE_TERMIOS_H 1
| #define HAVE_UNISTD_H 1
| #define HAVE_UTMP_H 1
| #define HAVE_SYS_FCNTL_H 1
| #define HAVE_SYS_FILE_H 1
| #define HAVE_SYS_IOCTL_H 1
| #define HAVE_SYS_IPC_H 1
| #define HAVE_SYS_MMAN_H 1
| #define HAVE_SYS_PARAM_H 1
| #define HAVE_SYS_SOCKET_H 1
| #define HAVE_SYS_STAT_H 1
| #define HAVE_SYS_TIME_H 1
| #define HAVE_SYS_UN_H 1
| #define HAVE_SYS_UTSNAME_H 1
| #define HAVE_SYS_TYPES_H 1
| #define HAVE_ARPA_INET_H 1
| #define HAVE_NET_ETHERNET_H 1
| #define HAVE_NET_IF_H 1
| #define HAVE_NET_IF_ARP_H 1
| #define HAVE_NETINET_IN_H 1
| #define HAVE_NETINET_IP_ICMP_H 1
| #define HAVE_NETINET_IP_H 1
| #define HAVE_LINUX_IF_ETHER_H 1
| #define HAVE_NETAX25_AX25_H 1
| /* end confdefs.h.  */
| #include <sys/types.h>
| #include <signal.h>
| 
| int
| main (void)
| {
| return *(signal (0, 0)) (0) == 1;
|   ;
|   return 0;
| }
configure:15804: result: void
configure:15810: checking whether struct tm is in sys/time.h or time.h
configure:15831: gcc -c -g -O2  conftest.c >&5
configure:15831: $? = 0
configure:15841: result: time.h
configure:15860: checking for uid_t
configure:15860: gcc -c -g -O2  conftest.c >&5
configure:15860: $? = 0
configure:15860: gcc -c -g -O2  conftest.c >&5
conftest.c: In function 'main':
conftest.c:96:20: error: expected expression before ')' token
   96 | if (sizeof ((uid_t)))
      |                    ^
configure:15860: $? = 1
configure: failed program was:
| /* confdefs.h */
| #define PACKAGE_NAME "fpac"
| #define PACKAGE_TARNAME "fpac"
| #define PACKAGE_VERSION "4.1.5-rc9"
| #define PACKAGE_STRING "fpac 4.1.5-rc9"
| #define PACKAGE_BUGREPORT "bernard.f6bvp@gmail.com"
| #define PACKAGE_URL ""
| #define PACKAGE "fpac"
| #define VERSION "4.1.5-rc9"
| #define HAVE_STDIO_H 1
| #define HAVE_STDLIB_H 1
| #define HAVE_STRING_H 1
| #define HAVE_INTTYPES_H 1
| #define HAVE_STDINT_H 1
| #define HAVE_STRINGS_H 1
| #define HAVE_SYS_STAT_H 1
| #define HAVE_SYS_TYPES_H 1
| #define HAVE_UNISTD_H 1
| #define HAVE_SYS_TIME_H 1
| #define HAVE_SYS_PARAM_H 1
| #define HAVE_SYS_SELECT_H 1
| #define HAVE_SYS_SOCKET_H 1
| #define STDC_HEADERS 1
| #define HAVE_DLFCN_H 1
| #define LT_OBJDIR ".libs/"
| #define HAVE_DIRENT_H 1
| #define HAVE_SYS_WAIT_H 1
| #define HAVE_ASSERT_H 1
| #define HAVE_CTYPE_H 1
| #define HAVE_ERRNO_H 1
| #define HAVE_MALLOC_H 1
| #define HAVE_NETDB_H 1
| #define HAVE_PATHS_H 1
| #define HAVE_SIGNAL_H 1
| #define HAVE_STDLIB_H 1
| #define HAVE_STRING_H 1
| #define HAVE_SYSLOG_H 1
| #define HAVE_TERMIOS_H 1
| #define HAVE_UNISTD_H 1
| #define HAVE_UTMP_H 1
| #define HAVE_SYS_FCNTL_H 1
| #define HAVE_SYS_FILE_H 1
| #define HAVE_SYS_IOCTL_H 1
| #define HAVE_SYS_IPC_H 1
| #define HAVE_SYS_MMAN_H 1
| #define HAVE_SYS_PARAM_H 1
| #define HAVE_SYS_SOCKET_H 1
| #define HAVE_SYS_STAT_H 1
| #define HAVE_SYS_TIME_H 1
| #define HAVE_SYS_UN_H 1
| #define HAVE_SYS_UTSNAME_H 1
| #define HAVE_SYS_TYPES_H 1
| #define HAVE_ARPA_INET_H 1
| #define HAVE_NET_ETHERNET_H 1
| #define HAVE_NET_IF_H 1
| #define HAVE_NET_IF_ARP_H 1
| #define HAVE_NETINET_IN_H 1
| #define HAVE_NETINET_IP_ICMP_H 1
| #define HAVE_NETINET_IP_H 1
| #define HAVE_LINUX_IF_ETHER_H 1
| #define HAVE_NETAX25_AX25_H 1
| #define RETSIGTYPE void
| #define TIME_WITH_SYS_TIME 1
| /* end confdefs.h.  */
| #include <stddef.h>
| #ifdef HAVE_STDIO_H
| # include <stdio.h>
| #endif
| #ifdef HAVE_STDLIB_H
| # include <stdlib.h>
| #endif
| #ifdef HAVE_STRING_H
| # include <string.h>
| #endif
| #ifdef HAVE_INTTYPES_H
| # include <inttypes.h>
| #endif
| #ifdef HAVE_STDINT_H
| # include <stdint.h>
| #endif
| #ifdef HAVE_STRINGS_H
| # include <strings.h>
| #endif
| #ifdef HAVE_SYS_TYPES_H
| # include <sys/types.h>
| #endif
| #ifdef HAVE_SYS_STAT_H
| # include <sys/stat.h>
| #endif
| #ifdef HAVE_UNISTD_H
| # include <unistd.h>
| #endif
| int
| main (void)
| {
| if (sizeof ((uid_t)))
| 	    return 0;
|   ;
|   return 0;
| }
configure:15860: result: yes
configure:15871: checking for gid_t
configure:15871: gcc -c -g -O2  conftest.c >&5
configure:15871: $? = 0
configure:15871: gcc -c -g -O2  conftest.c >&5
conftest.c: In function 'main':
conftest.c:96:20: error: expected expression before ')' token
   96 | if (sizeof ((gid_t)))
      |                    ^
configure:15871: $? = 1
configure: failed program was:
| /* confdefs.h */
| #define PACKAGE_NAME "fpac"
| #define PACKAGE_TARNAME "fpac"
| #define PACKAGE_VERSION "4.1.5-rc9"
| #define PACKAGE_STRING "fpac 4.1.5-rc9"
| #define PACKAGE_BUGREPORT "bernard.f6bvp@gmail.com"
| #define PACKAGE_URL ""
| #define PACKAGE "fpac"
| #define VERSION "4.1.5-rc9"
| #define HAVE_STDIO_H 1
| #define HAVE_STDLIB_H 1
| #define HAVE_STRING_H 1
| #define HAVE_INTTYPES_H 1
| #define HAVE_STDINT_H 1
| #define HAVE_STRINGS_H 1
| #define HAVE_SYS_STAT_H 1
| #define HAVE_SYS_TYPES_H 1
| #define HAVE_UNISTD_H 1
| #define HAVE_SYS_TIME_H 1
| #define HAVE_SYS_PARAM_H 1
| #define HAVE_SYS_SELECT_H 1
| #define HAVE_SYS_SOCKET_H 1
| #define STDC_HEADERS 1
| #define HAVE_DLFCN_H 1
| #define LT_OBJDIR ".libs/"
| #define HAVE_DIRENT_H 1
| #define HAVE_SYS_WAIT_H 1
| #define HAVE_ASSERT_H 1
| #define HAVE_CTYPE_H 1
| #define HAVE_ERRNO_H 1
| #define HAVE_MALLOC_H 1
| #define HAVE_NETDB_H 1
| #define HAVE_PATHS_H 1
| #define HAVE_SIGNAL_H 1
| #define HAVE_STDLIB_H 1
| #define HAVE_STRING_H 1
| #define HAVE_SYSLOG_H 1
| #define HAVE_TERMIOS_H 1
| #define HAVE_UNISTD_H 1
| #define HAVE_UTMP_H 1
| #define HAVE_SYS_FCNTL_H 1
| #define HAVE_SYS_FILE_H 1
| #define HAVE_SYS_IOCTL_H 1
| #define HAVE_SYS_IPC_H 1
| #define HAVE_SYS_MMAN_H 1
| #define HAVE_SYS_PARAM_H 1
| #define HAVE_SYS_SOCKET_H 1
| #define HAVE_SYS_STAT_H 1
| #define HAVE_SYS_TIME_H 1
| #define HAVE_SYS_UN_H 1
| #define HAVE_SYS_UTSNAME_H 1
| #define HAVE_SYS_TYPES_H 1
| #define HAVE_ARPA_INET_H 1
| #define HAVE_NET_ETHERNET_H 1
| #define HAVE_NET_IF_H 1
| #define HAVE_NET_IF_ARP_H 1
| #define HAVE_NETINET_IN_H 1
| #define HAVE_NETINET_IP_ICMP_H 1
| #define HAVE_NETINET_IP_H 1
| #define HAVE_LINUX_IF_ETHER_H 1
| #define HAVE_NETAX25_AX25_H 1
| #define RETSIGTYPE void
| #define TIME_WITH_SYS_TIME 1
| /* end confdefs.h.  */
| #include <stddef.h>
| #ifdef HAVE_STDIO_H
| # include <stdio.h>
| #endif
| #ifdef HAVE_STDLIB_H
| # include <stdlib.h>
| #endif
| #ifdef HAVE_STRING_H
| # include <string.h>
| #endif
| #ifdef HAVE_INTTYPES_H
| # include <inttypes.h>
| #endif
| #ifdef HAVE_STDINT_H
| # include <stdint.h>
| #endif
| #ifdef HAVE_STRINGS_H
| # include <strings.h>
| #endif
| #ifdef HAVE_SYS_TYPES_H
| # include <sys/types.h>
| #endif
| #ifdef HAVE_SYS_STAT_H
| # include <sys/stat.h>
| #endif
| #ifdef HAVE_UNISTD_H
| # include <unistd.h>
| #endif
| int
| main (void)
| {
| if (sizeof ((gid_t)))
| 	    return 0;
|   ;
|   return 0;
| }
configure:15871: result: yes
configure:15882: checking for working chown
configure:15922: gcc -o conftest -g -O2   conftest.c  >&5
configure:15922: $? = 0
configure:15922: ./conftest
configure:15922: $? = 0
configure:15938: result: yes
configure:15946: checking whether closedir returns void
configure:15967: gcc -c -g -O2  conftest.c >&5
conftest.c: In function 'main':
conftest.c:73:10: warning: argument 1 null where non-null expected [-Wnonnull]
   73 |   return closedir(0);
      |          ^~~~~~~~
In file included from conftest.c:67:
/usr/include/dirent.h:134:12: note: in a call to function 'closedir' declared 'nonnull'
  134 | extern int closedir (DIR *__dirp) __nonnull ((1));
      |            ^~~~~~~~
conftest.c:73:10: warning: argument 1 null where non-null expected [-Wnonnull]
   73 |   return closedir(0);
      |          ^~~~~~~~~~~
/usr/include/dirent.h:134:12: note: in a call to function 'closedir' declared 'nonnull'
  134 | extern int closedir (DIR *__dirp) __nonnull ((1));
      |            ^~~~~~~~
configure:15967: $? = 0
configure:15977: result: no
configure:15990: checking for fork
configure:15990: gcc -o conftest -g -O2   conftest.c  >&5
conftest.c:82:6: warning: conflicting types for built-in function 'fork'; expected 'int(void)' [-Wbuiltin-declaration-mismatch]
   82 | char fork (void);
      |      ^~~~
configure:15990: $? = 0
configure:15990: result: yes
configure:15990: checking for vfork
configure:15990: gcc -o conftest -g -O2   conftest.c  >&5
configure:15990: $? = 0
configure:15990: result: yes
configure:15990: checking for getpagesize
configure:15990: gcc -o conftest -g -O2   conftest.c  >&5
configure:15990: $? = 0
configure:15990: result: yes
configure:15990: checking for vprintf
configure:15990: gcc -o conftest -g -O2   conftest.c  >&5
conftest.c:85:6: warning: conflicting types for built-in function 'vprintf'; expected 'int(const char *, __va_list_tag *)' [-Wbuiltin-declaration-mismatch]
   85 | char vprintf (void);
      |      ^~~~~~~
conftest.c:77:1: note: 'vprintf' is declared in header '<stdio.h>'
   76 | #include <limits.h>
   77 | #undef vprintf
configure:15990: $? = 0
configure:15990: result: yes
configure:16003: checking for working fork
configure:16027: gcc -o conftest -g -O2   conftest.c  >&5
configure:16027: $? = 0
configure:16027: ./conftest
configure:16027: $? = 0
configure:16041: result: yes
configure:16062: checking for working vfork
configure:16194: result: yes
configure:16219: checking for GNU libc compatible malloc
configure:16251: gcc -o conftest -g -O2   conftest.c  >&5
configure:16251: $? = 0
configure:16251: ./conftest
configure:16251: $? = 0
configure:16265: result: yes
configure:16288: checking for working memcmp
configure:16333: gcc -o conftest -g -O2   conftest.c  >&5
configure:16333: $? = 0
configure:16333: ./conftest
configure:16333: $? = 0
configure:16347: result: yes
configure:16360: checking for working mmap
configure:16510: gcc -o conftest -g -O2   conftest.c  >&5
configure:16510: $? = 0
configure:16510: ./conftest
configure:16510: $? = 0
configure:16524: result: yes
configure:16533: checking for GNU libc compatible realloc
configure:16565: gcc -o conftest -g -O2   conftest.c  >&5
configure:16565: $? = 0
configure:16565: ./conftest
configure:16565: $? = 0
configure:16579: result: yes
configure:16605: checking types of arguments for select
configure:16635: gcc -c -g -O2  conftest.c >&5
configure:16635: $? = 0
configure:16646: result: int,fd_set *,struct timeval *
configure:16663: checking whether setpgrp requires zero arguments
configure:16681: gcc -c -g -O2  conftest.c >&5
conftest.c: In function 'main':
conftest.c:109:1: error: too many arguments to function 'setpgrp'; expected 0, have 2
  109 | setpgrp(0, 0);
      | ^~~~~~~ ~
In file included from conftest.c:104:
/usr/include/unistd.h:682:12: note: declared here
  682 | extern int setpgrp (void) __THROW;
      |            ^~~~~~~
configure:16681: $? = 1
configure: failed program was:
| /* confdefs.h */
| #define PACKAGE_NAME "fpac"
| #define PACKAGE_TARNAME "fpac"
| #define PACKAGE_VERSION "4.1.5-rc9"
| #define PACKAGE_STRING "fpac 4.1.5-rc9"
| #define PACKAGE_BUGREPORT "bernard.f6bvp@gmail.com"
| #define PACKAGE_URL ""
| #define PACKAGE "fpac"
| #define VERSION "4.1.5-rc9"
| #define HAVE_STDIO_H 1
| #define HAVE_STDLIB_H 1
| #define HAVE_STRING_H 1
| #define HAVE_INTTYPES_H 1
| #define HAVE_STDINT_H 1
| #define HAVE_STRINGS_H 1
| #define HAVE_SYS_STAT_H 1
| #define HAVE_SYS_TYPES_H 1
| #define HAVE_UNISTD_H 1
| #define HAVE_SYS_TIME_H 1
| #define HAVE_SYS_PARAM_H 1
| #define HAVE_SYS_SELECT_H 1
| #define HAVE_SYS_SOCKET_H 1
| #define STDC_HEADERS 1
| #define HAVE_DLFCN_H 1
| #define LT_OBJDIR ".libs/"
| #define HAVE_DIRENT_H 1
| #define HAVE_SYS_WAIT_H 1
| #define HAVE_ASSERT_H 1
| #define HAVE_CTYPE_H 1
| #define HAVE_ERRNO_H 1
| #define HAVE_MALLOC_H 1
| #define HAVE_NETDB_H 1
| #define HAVE_PATHS_H 1
| #define HAVE_SIGNAL_H 1
| #define HAVE_STDLIB_H 1
| #define HAVE_STRING_H 1
| #define HAVE_SYSLOG_H 1
| #define HAVE_TERMIOS_H 1
| #define HAVE_UNISTD_H 1
| #define HAVE_UTMP_H 1
| #define HAVE_SYS_FCNTL_H 1
| #define HAVE_SYS_FILE_H 1
| #define HAVE_SYS_IOCTL_H 1
| #define HAVE_SYS_IPC_H 1
| #define HAVE_SYS_MMAN_H 1
| #define HAVE_SYS_PARAM_H 1
| #define HAVE_SYS_SOCKET_H 1
| #define HAVE_SYS_STAT_H 1
| #define HAVE_SYS_TIME_H 1
| #define HAVE_SYS_UN_H 1
| #define HAVE_SYS_UTSNAME_H 1
| #define HAVE_SYS_TYPES_H 1
| #define HAVE_ARPA_INET_H 1
| #define HAVE_NET_ETHERNET_H 1
| #define HAVE_NET_IF_H 1
| #define HAVE_NET_IF_ARP_H 1
| #define HAVE_NETINET_IN_H 1
| #define HAVE_NETINET_IP_ICMP_H 1
| #define HAVE_NETINET_IP_H 1
| #define HAVE_LINUX_IF_ETHER_H 1
| #define HAVE_NETAX25_AX25_H 1
| #define RETSIGTYPE void
| #define TIME_WITH_SYS_TIME 1
| #define HAVE_CHOWN 1
| #define HAVE_FORK 1
| #define HAVE_VFORK 1
| #define HAVE_GETPAGESIZE 1
| #define HAVE_VPRINTF 1
| #define HAVE_WORKING_VFORK 1
| #define HAVE_WORKING_FORK 1
| #define HAVE_MALLOC 1
| #define HAVE_MMAP 1
| #define HAVE_REALLOC 1
| #define SELECT_TYPE_ARG1 int
| #define SELECT_TYPE_ARG234 (fd_set *)
| #define SELECT_TYPE_ARG5 (struct timeval *)
| /* end confdefs.h.  */
| #include <stddef.h>
| #ifdef HAVE_STDIO_H
| # include <stdio.h>
| #endif
| #ifdef HAVE_STDLIB_H
| # include <stdlib.h>
| #endif
| #ifdef HAVE_STRING_H
| # include <string.h>
| #endif
| #ifdef HAVE_INTTYPES_H
| # include <inttypes.h>
| #endif
| #ifdef HAVE_STDINT_H
| # include <stdint.h>
| #endif
| #ifdef HAVE_STRINGS_H
| # include <strings.h>
| #endif
| #ifdef HAVE_SYS_TYPES_H
| # include <sys/types.h>
| #endif
| #ifdef HAVE_SYS_STAT_H
| # include <sys/stat.h>
| #endif
| #ifdef HAVE_UNISTD_H
| # include <unistd.h>
| #endif
| int
| main (void)
| {
| setpgrp(0, 0);
|   ;
|   return 0;
| }
configure:16692: result: yes
configure:16700: checking whether lstat correctly handles trailing slash
configure:16733: gcc -o conftest -g -O2   conftest.c  >&5
configure:16733: $? = 0
configure:16733: ./conftest
configure:16733: $? = 0
configure:16754: result: yes
configure:16771: checking whether stat accepts an empty string
configure:16793: gcc -o conftest -g -O2   conftest.c  >&5
configure:16793: $? = 0
configure:16793: ./conftest
configure:16793: $? = 0
configure:16807: result: no
configure:16834: checking for alarm
configure:16834: gcc -o conftest -g -O2   conftest.c  >&5
configure:16834: $? = 0
configure:16834: result: yes
configure:16840: checking for dup2
configure:16840: gcc -o conftest -g -O2   conftest.c  >&5
configure:16840: $? = 0
configure:16840: result: yes
configure:16846: checking for gethostbyaddr
configure:16846: gcc -o conftest -g -O2   conftest.c  >&5
configure:16846: $? = 0
configure:16846: result: yes
configure:16852: checking for gethostname
configure:16852: gcc -o conftest -g -O2   conftest.c  >&5
configure:16852: $? = 0
configure:16852: result: yes
configure:16858: checking for gettimeofday
configure:16858: gcc -o conftest -g -O2   conftest.c  >&5
configure:16858: $? = 0
configure:16858: result: yes
configure:16864: checking for inet_ntoa
configure:16864: gcc -o conftest -g -O2   conftest.c  >&5
configure:16864: $? = 0
configure:16864: result: yes
configure:16870: checking for memchr
configure:16870: gcc -o conftest -g -O2   conftest.c  >&5
conftest.c:102:6: warning: conflicting types for built-in function 'memchr'; expected 'void *(const void *, int,  long unsigned int)' [-Wbuiltin-declaration-mismatch]
  102 | char memchr (void);
      |      ^~~~~~
conftest.c:94:1: note: 'memchr' is declared in header '<string.h>'
   93 | #include <limits.h>
   94 | #undef memchr
configure:16870: $? = 0
configure:16870: result: yes
configure:16876: checking for memove
configure:16876: gcc -o conftest -g -O2   conftest.c  >&5
/usr/bin/ld: /tmp/ccPGIhFR.o: in function `main':
/usr/local/src/ax25/fpac-4.1.5-rc9/conftest.c:114:(.text.startup+0x9): undefined reference to `memove'
collect2: error: ld returned 1 exit status
configure:16876: $? = 1
configure: failed program was:
| /* confdefs.h */
| #define PACKAGE_NAME "fpac"
| #define PACKAGE_TARNAME "fpac"
| #define PACKAGE_VERSION "4.1.5-rc9"
| #define PACKAGE_STRING "fpac 4.1.5-rc9"
| #define PACKAGE_BUGREPORT "bernard.f6bvp@gmail.com"
| #define PACKAGE_URL ""
| #define PACKAGE "fpac"
| #define VERSION "4.1.5-rc9"
| #define HAVE_STDIO_H 1
| #define HAVE_STDLIB_H 1
| #define HAVE_STRING_H 1
| #define HAVE_INTTYPES_H 1
| #define HAVE_STDINT_H 1
| #define HAVE_STRINGS_H 1
| #define HAVE_SYS_STAT_H 1
| #define HAVE_SYS_TYPES_H 1
| #define HAVE_UNISTD_H 1
| #define HAVE_SYS_TIME_H 1
| #define HAVE_SYS_PARAM_H 1
| #define HAVE_SYS_SELECT_H 1
| #define HAVE_SYS_SOCKET_H 1
| #define STDC_HEADERS 1
| #define HAVE_DLFCN_H 1
| #define LT_OBJDIR ".libs/"
| #define HAVE_DIRENT_H 1
| #define HAVE_SYS_WAIT_H 1
| #define HAVE_ASSERT_H 1
| #define HAVE_CTYPE_H 1
| #define HAVE_ERRNO_H 1
| #define HAVE_MALLOC_H 1
| #define HAVE_NETDB_H 1
| #define HAVE_PATHS_H 1
| #define HAVE_SIGNAL_H 1
| #define HAVE_STDLIB_H 1
| #define HAVE_STRING_H 1
| #define HAVE_SYSLOG_H 1
| #define HAVE_TERMIOS_H 1
| #define HAVE_UNISTD_H 1
| #define HAVE_UTMP_H 1
| #define HAVE_SYS_FCNTL_H 1
| #define HAVE_SYS_FILE_H 1
| #define HAVE_SYS_IOCTL_H 1
| #define HAVE_SYS_IPC_H 1
| #define HAVE_SYS_MMAN_H 1
| #define HAVE_SYS_PARAM_H 1
| #define HAVE_SYS_SOCKET_H 1
| #define HAVE_SYS_STAT_H 1
| #define HAVE_SYS_TIME_H 1
| #define HAVE_SYS_UN_H 1
| #define HAVE_SYS_UTSNAME_H 1
| #define HAVE_SYS_TYPES_H 1
| #define HAVE_ARPA_INET_H 1
| #define HAVE_NET_ETHERNET_H 1
| #define HAVE_NET_IF_H 1
| #define HAVE_NET_IF_ARP_H 1
| #define HAVE_NETINET_IN_H 1
| #define HAVE_NETINET_IP_ICMP_H 1
| #define HAVE_NETINET_IP_H 1
| #define HAVE_LINUX_IF_ETHER_H 1
| #define HAVE_NETAX25_AX25_H 1
| #define RETSIGTYPE void
| #define TIME_WITH_SYS_TIME 1
| #define HAVE_CHOWN 1
| #define HAVE_FORK 1
| #define HAVE_VFORK 1
| #define HAVE_GETPAGESIZE 1
| #define HAVE_VPRINTF 1
| #define HAVE_WORKING_VFORK 1
| #define HAVE_WORKING_FORK 1
| #define HAVE_MALLOC 1
| #define HAVE_MMAP 1
| #define HAVE_REALLOC 1
| #define SELECT_TYPE_ARG1 int
| #define SELECT_TYPE_ARG234 (fd_set *)
| #define SELECT_TYPE_ARG5 (struct timeval *)
| #define SETPGRP_VOID 1
| #define LSTAT_FOLLOWS_SLASHED_SYMLINK 1
| #define HAVE_ALARM 1
| #define HAVE_DUP2 1
| #define HAVE_GETHOSTBYADDR 1
| #define HAVE_GETHOSTNAME 1
| #define HAVE_GETTIMEOFDAY 1
| #define HAVE_INET_NTOA 1
| #define HAVE_MEMCHR 1
| /* end confdefs.h.  */
| /* Define memove to an innocuous variant, in case <limits.h> declares memove.
|    For example, HP-UX 11i <limits.h> declares gettimeofday.  */
| #define memove innocuous_memove
| 
| /* System header to define __stub macros and hopefully few prototypes,
|    which can conflict with char memove (void); below.  */
| 
| #include <limits.h>
| #undef memove
| 
| /* Override any GCC internal prototype to avoid an error.
|    Use char because int might match the return type of a GCC
|    builtin and then its argument prototype would still apply.  */
| #ifdef __cplusplus
| extern "C"
| #endif
| char memove (void);
| /* The GNU C library defines this for functions which it implements
|     to always fail with ENOSYS.  Some functions are actually named
|     something starting with __ and the normal name is an alias.  */
| #if defined __stub_memove || defined __stub___memove
| choke me
| #endif
| 
| int
| main (void)
| {
| return memove ();
|   ;
|   return 0;
| }
configure:16876: result: no
configure:16882: checking for memset
configure:16882: gcc -o conftest -g -O2   conftest.c  >&5
conftest.c:103:6: warning: conflicting types for built-in function 'memset'; expected 'void *(void *, int,  long unsigned int)' [-Wbuiltin-declaration-mismatch]
  103 | char memset (void);
      |      ^~~~~~
conftest.c:95:1: note: 'memset' is declared in header '<string.h>'
   94 | #include <limits.h>
   95 | #undef memset
configure:16882: $? = 0
configure:16882: result: yes
configure:16888: checking for mkdir
configure:16888: gcc -o conftest -g -O2   conftest.c  >&5
configure:16888: $? = 0
configure:16888: result: yes
configure:16894: checking for munmap
configure:16894: gcc -o conftest -g -O2   conftest.c  >&5
configure:16894: $? = 0
configure:16894: result: yes
configure:16900: checking for putenv
configure:16900: gcc -o conftest -g -O2   conftest.c  >&5
configure:16900: $? = 0
configure:16900: result: yes
configure:16906: checking for select
configure:16906: gcc -o conftest -g -O2   conftest.c  >&5
configure:16906: $? = 0
configure:16906: result: yes
configure:16912: checking for setenv
configure:16912: gcc -o conftest -g -O2   conftest.c  >&5
configure:16912: $? = 0
configure:16912: result: yes
configure:16918: checking for socket
configure:16918: gcc -o conftest -g -O2   conftest.c  >&5
configure:16918: $? = 0
configure:16918: result: yes
configure:16924: checking for sqrt
configure:16924: gcc -o conftest -g -O2   conftest.c  >&5
conftest.c:110:6: warning: conflicting types for built-in function 'sqrt'; expected 'double(double)' [-Wbuiltin-declaration-mismatch]
  110 | char sqrt (void);
      |      ^~~~
conftest.c:102:1: note: 'sqrt' is declared in header '<math.h>'
  101 | #include <limits.h>
  102 | #undef sqrt
/usr/bin/ld: /tmp/ccPs1hJZ.o: in function `main':
/usr/local/src/ax25/fpac-4.1.5-rc9/conftest.c:121:(.text.startup+0x9): undefined reference to `sqrt'
collect2: error: ld returned 1 exit status
configure:16924: $? = 1
configure: failed program was:
| /* confdefs.h */
| #define PACKAGE_NAME "fpac"
| #define PACKAGE_TARNAME "fpac"
| #define PACKAGE_VERSION "4.1.5-rc9"
| #define PACKAGE_STRING "fpac 4.1.5-rc9"
| #define PACKAGE_BUGREPORT "bernard.f6bvp@gmail.com"
| #define PACKAGE_URL ""
| #define PACKAGE "fpac"
| #define VERSION "4.1.5-rc9"
| #define HAVE_STDIO_H 1
| #define HAVE_STDLIB_H 1
| #define HAVE_STRING_H 1
| #define HAVE_INTTYPES_H 1
| #define HAVE_STDINT_H 1
| #define HAVE_STRINGS_H 1
| #define HAVE_SYS_STAT_H 1
| #define HAVE_SYS_TYPES_H 1
| #define HAVE_UNISTD_H 1
| #define HAVE_SYS_TIME_H 1
| #define HAVE_SYS_PARAM_H 1
| #define HAVE_SYS_SELECT_H 1
| #define HAVE_SYS_SOCKET_H 1
| #define STDC_HEADERS 1
| #define HAVE_DLFCN_H 1
| #define LT_OBJDIR ".libs/"
| #define HAVE_DIRENT_H 1
| #define HAVE_SYS_WAIT_H 1
| #define HAVE_ASSERT_H 1
| #define HAVE_CTYPE_H 1
| #define HAVE_ERRNO_H 1
| #define HAVE_MALLOC_H 1
| #define HAVE_NETDB_H 1
| #define HAVE_PATHS_H 1
| #define HAVE_SIGNAL_H 1
| #define HAVE_STDLIB_H 1
| #define HAVE_STRING_H 1
| #define HAVE_SYSLOG_H 1
| #define HAVE_TERMIOS_H 1
| #define HAVE_UNISTD_H 1
| #define HAVE_UTMP_H 1
| #define HAVE_SYS_FCNTL_H 1
| #define HAVE_SYS_FILE_H 1
| #define HAVE_SYS_IOCTL_H 1
| #define HAVE_SYS_IPC_H 1
| #define HAVE_SYS_MMAN_H 1
| #define HAVE_SYS_PARAM_H 1
| #define HAVE_SYS_SOCKET_H 1
| #define HAVE_SYS_STAT_H 1
| #define HAVE_SYS_TIME_H 1
| #define HAVE_SYS_UN_H 1
| #define HAVE_SYS_UTSNAME_H 1
| #define HAVE_SYS_TYPES_H 1
| #define HAVE_ARPA_INET_H 1
| #define HAVE_NET_ETHERNET_H 1
| #define HAVE_NET_IF_H 1
| #define HAVE_NET_IF_ARP_H 1
| #define HAVE_NETINET_IN_H 1
| #define HAVE_NETINET_IP_ICMP_H 1
| #define HAVE_NETINET_IP_H 1
| #define HAVE_LINUX_IF_ETHER_H 1
| #define HAVE_NETAX25_AX25_H 1
| #define RETSIGTYPE void
| #define TIME_WITH_SYS_TIME 1
| #define HAVE_CHOWN 1
| #define HAVE_FORK 1
| #define HAVE_VFORK 1
| #define HAVE_GETPAGESIZE 1
| #define HAVE_VPRINTF 1
| #define HAVE_WORKING_VFORK 1
| #define HAVE_WORKING_FORK 1
| #define HAVE_MALLOC 1
| #define HAVE_MMAP 1
| #define HAVE_REALLOC 1
| #define SELECT_TYPE_ARG1 int
| #define SELECT_TYPE_ARG234 (fd_set *)
| #define SELECT_TYPE_ARG5 (struct timeval *)
| #define SETPGRP_VOID 1
| #define LSTAT_FOLLOWS_SLASHED_SYMLINK 1
| #define HAVE_ALARM 1
| #define HAVE_DUP2 1
| #define HAVE_GETHOSTBYADDR 1
| #define HAVE_GETHOSTNAME 1
| #define HAVE_GETTIMEOFDAY 1
| #define HAVE_INET_NTOA 1
| #define HAVE_MEMCHR 1
| #define HAVE_MEMSET 1
| #define HAVE_MKDIR 1
| #define HAVE_MUNMAP 1
| #define HAVE_PUTENV 1
| #define HAVE_SELECT 1
| #define HAVE_SETENV 1
| #define HAVE_SOCKET 1
| /* end confdefs.h.  */
| /* Define sqrt to an innocuous variant, in case <limits.h> declares sqrt.
|    For example, HP-UX 11i <limits.h> declares gettimeofday.  */
| #define sqrt innocuous_sqrt
| 
| /* System header to define __stub macros and hopefully few prototypes,
|    which can conflict with char sqrt (void); below.  */
| 
| #include <limits.h>
| #undef sqrt
| 
| /* Override any GCC internal prototype to avoid an error.
|    Use char because int might match the return type of a GCC
|    builtin and then its argument prototype would still apply.  */
| #ifdef __cplusplus
| extern "C"
| #endif
| char sqrt (void);
| /* The GNU C library defines this for functions which it implements
|     to always fail with ENOSYS.  Some functions are actually named
|     something starting with __ and the normal name is an alias.  */
| #if defined __stub_sqrt || defined __stub___sqrt
| choke me
| #endif
| 
| int
| main (void)
| {
| return sqrt ();
|   ;
|   return 0;
| }
configure:16924: result: no
configure:16930: checking for strcasecmp
configure:16930: gcc -o conftest -g -O2   conftest.c  >&5
conftest.c:110:6: warning: conflicting types for built-in function 'strcasecmp'; expected 'int(const char *, const char *)' [-Wbuiltin-declaration-mismatch]
  110 | char strcasecmp (void);
      |      ^~~~~~~~~~
configure:16930: $? = 0
configure:16930: result: yes
configure:16936: checking for strchar
configure:16936: gcc -o conftest -g -O2   conftest.c  >&5
/usr/bin/ld: /tmp/ccuE6QhL.o: in function `main':
/usr/local/src/ax25/fpac-4.1.5-rc9/conftest.c:122:(.text.startup+0x9): undefined reference to `strchar'
collect2: error: ld returned 1 exit status
configure:16936: $? = 1
configure: failed program was:
| /* confdefs.h */
| #define PACKAGE_NAME "fpac"
| #define PACKAGE_TARNAME "fpac"
| #define PACKAGE_VERSION "4.1.5-rc9"
| #define PACKAGE_STRING "fpac 4.1.5-rc9"
| #define PACKAGE_BUGREPORT "bernard.f6bvp@gmail.com"
| #define PACKAGE_URL ""
| #define PACKAGE "fpac"
| #define VERSION "4.1.5-rc9"
| #define HAVE_STDIO_H 1
| #define HAVE_STDLIB_H 1
| #define HAVE_STRING_H 1
| #define HAVE_INTTYPES_H 1
| #define HAVE_STDINT_H 1
| #define HAVE_STRINGS_H 1
| #define HAVE_SYS_STAT_H 1
| #define HAVE_SYS_TYPES_H 1
| #define HAVE_UNISTD_H 1
| #define HAVE_SYS_TIME_H 1
| #define HAVE_SYS_PARAM_H 1
| #define HAVE_SYS_SELECT_H 1
| #define HAVE_SYS_SOCKET_H 1
| #define STDC_HEADERS 1
| #define HAVE_DLFCN_H 1
| #define LT_OBJDIR ".libs/"
| #define HAVE_DIRENT_H 1
| #define HAVE_SYS_WAIT_H 1
| #define HAVE_ASSERT_H 1
| #define HAVE_CTYPE_H 1
| #define HAVE_ERRNO_H 1
| #define HAVE_MALLOC_H 1
| #define HAVE_NETDB_H 1
| #define HAVE_PATHS_H 1
| #define HAVE_SIGNAL_H 1
| #define HAVE_STDLIB_H 1
| #define HAVE_STRING_H 1
| #define HAVE_SYSLOG_H 1
| #define HAVE_TERMIOS_H 1
| #define HAVE_UNISTD_H 1
| #define HAVE_UTMP_H 1
| #define HAVE_SYS_FCNTL_H 1
| #define HAVE_SYS_FILE_H 1
| #define HAVE_SYS_IOCTL_H 1
| #define HAVE_SYS_IPC_H 1
| #define HAVE_SYS_MMAN_H 1
| #define HAVE_SYS_PARAM_H 1
| #define HAVE_SYS_SOCKET_H 1
| #define HAVE_SYS_STAT_H 1
| #define HAVE_SYS_TIME_H 1
| #define HAVE_SYS_UN_H 1
| #define HAVE_SYS_UTSNAME_H 1
| #define HAVE_SYS_TYPES_H 1
| #define HAVE_ARPA_INET_H 1
| #define HAVE_NET_ETHERNET_H 1
| #define HAVE_NET_IF_H 1
| #define HAVE_NET_IF_ARP_H 1
| #define HAVE_NETINET_IN_H 1
| #define HAVE_NETINET_IP_ICMP_H 1
| #define HAVE_NETINET_IP_H 1
| #define HAVE_LINUX_IF_ETHER_H 1
| #define HAVE_NETAX25_AX25_H 1
| #define RETSIGTYPE void
| #define TIME_WITH_SYS_TIME 1
| #define HAVE_CHOWN 1
| #define HAVE_FORK 1
| #define HAVE_VFORK 1
| #define HAVE_GETPAGESIZE 1
| #define HAVE_VPRINTF 1
| #define HAVE_WORKING_VFORK 1
| #define HAVE_WORKING_FORK 1
| #define HAVE_MALLOC 1
| #define HAVE_MMAP 1
| #define HAVE_REALLOC 1
| #define SELECT_TYPE_ARG1 int
| #define SELECT_TYPE_ARG234 (fd_set *)
| #define SELECT_TYPE_ARG5 (struct timeval *)
| #define SETPGRP_VOID 1
| #define LSTAT_FOLLOWS_SLASHED_SYMLINK 1
| #define HAVE_ALARM 1
| #define HAVE_DUP2 1
| #define HAVE_GETHOSTBYADDR 1
| #define HAVE_GETHOSTNAME 1
| #define HAVE_GETTIMEOFDAY 1
| #define HAVE_INET_NTOA 1
| #define HAVE_MEMCHR 1
| #define HAVE_MEMSET 1
| #define HAVE_MKDIR 1
| #define HAVE_MUNMAP 1
| #define HAVE_PUTENV 1
| #define HAVE_SELECT 1
| #define HAVE_SETENV 1
| #define HAVE_SOCKET 1
| #define HAVE_STRCASECMP 1
| /* end confdefs.h.  */
| /* Define strchar to an innocuous variant, in case <limits.h> declares strchar.
|    For example, HP-UX 11i <limits.h> declares gettimeofday.  */
| #define strchar innocuous_strchar
| 
| /* System header to define __stub macros and hopefully few prototypes,
|    which can conflict with char strchar (void); below.  */
| 
| #include <limits.h>
| #undef strchar
| 
| /* Override any GCC internal prototype to avoid an error.
|    Use char because int might match the return type of a GCC
|    builtin and then its argument prototype would still apply.  */
| #ifdef __cplusplus
| extern "C"
| #endif
| char strchar (void);
| /* The GNU C library defines this for functions which it implements
|     to always fail with ENOSYS.  Some functions are actually named
|     something starting with __ and the normal name is an alias.  */
| #if defined __stub_strchar || defined __stub___strchar
| choke me
| #endif
| 
| int
| main (void)
| {
| return strchar ();
|   ;
|   return 0;
| }
configure:16936: result: no
configure:16942: checking for strcspn
configure:16942: gcc -o conftest -g -O2   conftest.c  >&5
conftest.c:111:6: warning: conflicting types for built-in function 'strcspn'; expected 'long unsigned int(const char *, const char *)' [-Wbuiltin-declaration-mismatch]
  111 | char strcspn (void);
      |      ^~~~~~~
conftest.c:103:1: note: 'strcspn' is declared in header '<string.h>'
  102 | #include <limits.h>
  103 | #undef strcspn
configure:16942: $? = 0
configure:16942: result: yes
configure:16948: checking for strdup
configure:16948: gcc -o conftest -g -O2   conftest.c  >&5
conftest.c:112:6: warning: conflicting types for built-in function 'strdup'; expected 'char *(const char *)' [-Wbuiltin-declaration-mismatch]
  112 | char strdup (void);
      |      ^~~~~~
configure:16948: $? = 0
configure:16948: result: yes
configure:16954: checking for strerror
configure:16954: gcc -o conftest -g -O2   conftest.c  >&5
configure:16954: $? = 0
configure:16954: result: yes
configure:16960: checking for strncasecmp
configure:16960: gcc -o conftest -g -O2   conftest.c  >&5
conftest.c:114:6: warning: conflicting types for built-in function 'strncasecmp'; expected 'int(const char *, const char *, long unsigned int)' [-Wbuiltin-declaration-mismatch]
  114 | char strncasecmp (void);
      |      ^~~~~~~~~~~
configure:16960: $? = 0
configure:16960: result: yes
configure:16966: checking for strpbrk
configure:16966: gcc -o conftest -g -O2   conftest.c  >&5
conftest.c:115:6: warning: conflicting types for built-in function 'strpbrk'; expected 'char *(const char *, const char *)' [-Wbuiltin-declaration-mismatch]
  115 | char strpbrk (void);
      |      ^~~~~~~
conftest.c:107:1: note: 'strpbrk' is declared in header '<string.h>'
  106 | #include <limits.h>
  107 | #undef strpbrk
configure:16966: $? = 0
configure:16966: result: yes
configure:16972: checking for strrchr
configure:16972: gcc -o conftest -g -O2   conftest.c  >&5
conftest.c:116:6: warning: conflicting types for built-in function 'strrchr'; expected 'char *(const char *, int)' [-Wbuiltin-declaration-mismatch]
  116 | char strrchr (void);
      |      ^~~~~~~
conftest.c:108:1: note: 'strrchr' is declared in header '<string.h>'
  107 | #include <limits.h>
  108 | #undef strrchr
configure:16972: $? = 0
configure:16972: result: yes
configure:16978: checking for strspn
configure:16978: gcc -o conftest -g -O2   conftest.c  >&5
conftest.c:117:6: warning: conflicting types for built-in function 'strspn'; expected 'long unsigned int(const char *, const char *)' [-Wbuiltin-declaration-mismatch]
  117 | char strspn (void);
      |      ^~~~~~
conftest.c:109:1: note: 'strspn' is declared in header '<string.h>'
  108 | #include <limits.h>
  109 | #undef strspn
configure:16978: $? = 0
configure:16978: result: yes
configure:16984: checking for strstr
configure:16984: gcc -o conftest -g -O2   conftest.c  >&5
conftest.c:118:6: warning: conflicting types for built-in function 'strstr'; expected 'char *(const char *, const char *)' [-Wbuiltin-declaration-mismatch]
  118 | char strstr (void);
      |      ^~~~~~
conftest.c:110:1: note: 'strstr' is declared in header '<string.h>'
  109 | #include <limits.h>
  110 | #undef strstr
configure:16984: $? = 0
configure:16984: result: yes
configure:16990: checking for strtol
configure:16990: gcc -o conftest -g -O2   conftest.c  >&5
configure:16990: $? = 0
configure:16990: result: yes
configure:16996: checking for strtoul
configure:16996: gcc -o conftest -g -O2   conftest.c  >&5
configure:16996: $? = 0
configure:16996: result: yes
configure:17002: checking for uname
configure:17002: gcc -o conftest -g -O2   conftest.c  >&5
configure:17002: $? = 0
configure:17002: result: yes
configure:17114: checking that generated files are newer than configure
configure:17120: result: done
configure:17163: creating ./config.status

## ---------------------- ##
## Running config.status. ##
## ---------------------- ##

This file was extended by fpac config.status 4.1.5-rc9, which was
generated by GNU Autoconf 2.72.  Invocation command line was

  CONFIG_FILES    = 
  CONFIG_HEADERS  = 
  CONFIG_LINKS    = 
  CONFIG_COMMANDS = 
  $ ./config.status 

on ubuntu-f6bvp

config.status:1199: creating Makefile
config.status:1199: creating lib/Makefile
config.status:1199: creating cfg/Makefile
config.status:1199: creating man/Makefile
config.status:1199: creating monitor/Makefile
config.status:1199: creating node/Makefile
config.status:1199: creating flex/Makefile
config.status:1199: creating pad/Makefile
config.status:1199: creating tcp/Makefile
config.status:1199: creating wp/Makefile
config.status:1199: creating tools/Makefile
config.status:1199: creating stats/Makefile
config.status:1199: creating doc/Makefile
config.status:1199: creating doc/html/Makefile
config.status:1199: creating help/Makefile
config.status:1199: creating scripts/ax25parms
config.status:1199: creating scripts/versions
config.status:1199: creating scripts/fpac.sh
config.status:1199: creating scripts/Makefile
config.status:1199: creating etc/Makefile
config.status:1199: creating fpac.spec
config.status:1199: creating config.h
config.status:1428: executing depfiles commands
config.status:1505: cd lib       && sed -e '/# am--include-marker/d' Makefile         | make -f - am--depfiles
config.status:1510: $? = 0
config.status:1505: cd cfg       && sed -e '/# am--include-marker/d' Makefile         | make -f - am--depfiles
config.status:1510: $? = 0
config.status:1505: cd monitor       && sed -e '/# am--include-marker/d' Makefile         | make -f - am--depfiles
config.status:1510: $? = 0
config.status:1505: cd node       && sed -e '/# am--include-marker/d' Makefile         | make -f - am--depfiles
config.status:1510: $? = 0
config.status:1505: cd flex       && sed -e '/# am--include-marker/d' Makefile         | make -f - am--depfiles
config.status:1510: $? = 0
config.status:1505: cd pad       && sed -e '/# am--include-marker/d' Makefile         | make -f - am--depfiles
config.status:1510: $? = 0
config.status:1505: cd tcp       && sed -e '/# am--include-marker/d' Makefile         | make -f - am--depfiles
config.status:1510: $? = 0
config.status:1505: cd wp       && sed -e '/# am--include-marker/d' Makefile         | make -f - am--depfiles
config.status:1510: $? = 0
config.status:1505: cd tools       && sed -e '/# am--include-marker/d' Makefile         | make -f - am--depfiles
config.status:1510: $? = 0
config.status:1505: cd stats       && sed -e '/# am--include-marker/d' Makefile         | make -f - am--depfiles
config.status:1510: $? = 0
config.status:1428: executing libtool commands

## ---------------- ##
## Cache variables. ##
## ---------------- ##

ac_cv_build=x86_64-pc-linux-gnu
ac_cv_c_compiler_gnu=yes
ac_cv_c_const=yes
ac_cv_env_CC_set=
ac_cv_env_CC_value=
ac_cv_env_CFLAGS_set=
ac_cv_env_CFLAGS_value=
ac_cv_env_CPPFLAGS_set=
ac_cv_env_CPPFLAGS_value=
ac_cv_env_CPP_set=
ac_cv_env_CPP_value=
ac_cv_env_LDFLAGS_set=
ac_cv_env_LDFLAGS_value=
ac_cv_env_LIBS_set=
ac_cv_env_LIBS_value=
ac_cv_env_LT_SYS_LIBRARY_PATH_set=
ac_cv_env_LT_SYS_LIBRARY_PATH_value=
ac_cv_env_build_alias_set=
ac_cv_env_build_alias_value=
ac_cv_env_host_alias_set=
ac_cv_env_host_alias_value=
ac_cv_env_target_alias_set=
ac_cv_env_target_alias_value=
ac_cv_func_alarm=yes
ac_cv_func_chown_works=yes
ac_cv_func_closedir_void=no
ac_cv_func_dup2=yes
ac_cv_func_fork=yes
ac_cv_func_fork_works=yes
ac_cv_func_gethostbyaddr=yes
ac_cv_func_gethostname=yes
ac_cv_func_getpagesize=yes
ac_cv_func_gettimeofday=yes
ac_cv_func_inet_ntoa=yes
ac_cv_func_lstat_dereferences_slashed_symlink=yes
ac_cv_func_malloc_0_nonnull=yes
ac_cv_func_memchr=yes
ac_cv_func_memcmp_working=yes
ac_cv_func_memove=no
ac_cv_func_memset=yes
ac_cv_func_mkdir=yes
ac_cv_func_mmap_fixed_mapped=yes
ac_cv_func_munmap=yes
ac_cv_func_putenv=yes
ac_cv_func_realloc_0_nonnull=yes
ac_cv_func_select=yes
ac_cv_func_select_args='int,fd_set *,struct timeval *'
ac_cv_func_setenv=yes
ac_cv_func_setpgrp_void=yes
ac_cv_func_socket=yes
ac_cv_func_sqrt=no
ac_cv_func_stat_empty_string_bug=no
ac_cv_func_strcasecmp=yes
ac_cv_func_strchar=no
ac_cv_func_strcspn=yes
ac_cv_func_strdup=yes
ac_cv_func_strerror=yes
ac_cv_func_strncasecmp=yes
ac_cv_func_strpbrk=yes
ac_cv_func_strrchr=yes
ac_cv_func_strspn=yes
ac_cv_func_strstr=yes
ac_cv_func_strtol=yes
ac_cv_func_strtoul=yes
ac_cv_func_uname=yes
ac_cv_func_vfork=yes
ac_cv_func_vfork_works=yes
ac_cv_func_vprintf=yes
ac_cv_header_arpa_inet_h=yes
ac_cv_header_assert_h=yes
ac_cv_header_ctype_h=yes
ac_cv_header_dirent_dirent_h=yes
ac_cv_header_dlfcn_h=yes
ac_cv_header_errno_h=yes
ac_cv_header_inttypes_h=yes
ac_cv_header_linux_if_ether_h=yes
ac_cv_header_malloc_h=yes
ac_cv_header_net_ethernet_h=yes
ac_cv_header_net_if_arp_h=yes
ac_cv_header_net_if_h=yes
ac_cv_header_netdb_h=yes
ac_cv_header_netinet_in_h=yes
ac_cv_header_netinet_ip_h=yes
ac_cv_header_netinet_ip_icmp_h=yes
ac_cv_header_paths_h=yes
ac_cv_header_signal_h=yes
ac_cv_header_stdint_h=yes
ac_cv_header_stdio_h=yes
ac_cv_header_stdlib_h=yes
ac_cv_header_string_h=yes
ac_cv_header_strings_h=yes
ac_cv_header_sys_fcntl_h=yes
ac_cv_header_sys_file_h=yes
ac_cv_header_sys_ioctl_h=yes
ac_cv_header_sys_ipc_h=yes
ac_cv_header_sys_mman_h=yes
ac_cv_header_sys_param_h=yes
ac_cv_header_sys_select_h=yes
ac_cv_header_sys_socket_h=yes
ac_cv_header_sys_stat_h=yes
ac_cv_header_sys_time_h=yes
ac_cv_header_sys_types_h=yes
ac_cv_header_sys_un_h=yes
ac_cv_header_sys_utsname_h=yes
ac_cv_header_sys_wait_h=yes
ac_cv_header_syslog_h=yes
ac_cv_header_termios_h=yes
ac_cv_header_unistd_h=yes
ac_cv_header_utmp_h=yes
ac_cv_header_vfork_h=no
ac_cv_host=x86_64-pc-linux-gnu
ac_cv_lib_ax25_ax25_config_load_ports=yes
ac_cv_lib_m_cos=yes
ac_cv_lib_ncurses_initscr=yes
ac_cv_objext=o
ac_cv_path_EGREP='/usr/bin/grep -E'
ac_cv_path_EGREP_TRADITIONAL='/usr/bin/grep -E'
ac_cv_path_FGREP='/usr/bin/grep -F'
ac_cv_path_GREP=/usr/bin/grep
ac_cv_path_SED=/usr/bin/sed
ac_cv_path_install='/usr/bin/install -c'
ac_cv_path_lt_DD=/usr/bin/dd
ac_cv_prog_AWK=gawk
ac_cv_prog_CPP='gcc -E'
ac_cv_prog_FILECMD=file
ac_cv_prog_ac_ct_AR=ar
ac_cv_prog_ac_ct_CC=gcc
ac_cv_prog_ac_ct_MANIFEST_TOOL=mt
ac_cv_prog_ac_ct_OBJDUMP=objdump
ac_cv_prog_ac_ct_RANLIB=ranlib
ac_cv_prog_ac_ct_STRIP=strip
ac_cv_prog_cc_c11=
ac_cv_prog_cc_g=yes
ac_cv_prog_cc_stdc=
ac_cv_prog_make_make_set=yes
ac_cv_search_opendir='none required'
ac_cv_struct_tm=time.h
ac_cv_type_gid_t=yes
ac_cv_type_off_t=yes
ac_cv_type_pid_t=yes
ac_cv_type_signal=void
ac_cv_type_uid_t=yes
am_cv_CC_dependencies_compiler_type=gcc3
am_cv_ar_interface=ar
am_cv_filesystem_timestamp_resolution=0.01
am_cv_make_support_nested_variables=yes
am_cv_prog_cc_c_o=yes
am_cv_sleep_fractional_seconds=yes
am_cv_xargs_n_works=yes
lt_cv_ar_at_file=@
lt_cv_archive_cmds_need_lc=no
lt_cv_deplibs_check_method=pass_all
lt_cv_file_magic_cmd='$MAGIC_CMD'
lt_cv_file_magic_test_file=
lt_cv_ld_reload_flag=-r
lt_cv_nm_interface='BSD nm'
lt_cv_objdir=.libs
lt_cv_path_LD=/usr/bin/x86_64-linux-gnu-ld
lt_cv_path_NM='/usr/bin/nm -B'
lt_cv_path_manifest_tool=no
lt_cv_prog_compiler_c_o=yes
lt_cv_prog_compiler_pic='-fPIC -DPIC'
lt_cv_prog_compiler_pic_works=yes
lt_cv_prog_compiler_rtti_exceptions=no
lt_cv_prog_compiler_static_works=yes
lt_cv_prog_gnu_ld=yes
lt_cv_sharedlib_from_linklib_cmd='printf %s\n'
lt_cv_shlibpath_overrides_runpath=yes
lt_cv_sys_global_symbol_pipe='/usr/bin/sed -n -e '\''s/^.*[	 ]\([ABCDGIRSTW][ABCDGIRSTW]*\)[	 ][	 ]*\([_A-Za-z][_A-Za-z0-9]*\)$/\1 \2 \2/p'\'' | /usr/bin/sed '\''/ __gnu_lto/d'\'''
lt_cv_sys_global_symbol_to_c_name_address='/usr/bin/sed -n -e '\''s/^: \(.*\) .*$/  {"\1", (void *) 0},/p'\'' -e '\''s/^[ABCDGIRSTW][ABCDGIRSTW]* .* \(.*\)$/  {"\1", (void *) \&\1},/p'\'''
lt_cv_sys_global_symbol_to_c_name_address_lib_prefix='/usr/bin/sed -n -e '\''s/^: \(.*\) .*$/  {"\1", (void *) 0},/p'\'' -e '\''s/^[ABCDGIRSTW][ABCDGIRSTW]* .* \(lib.*\)$/  {"\1", (void *) \&\1},/p'\'' -e '\''s/^[ABCDGIRSTW][ABCDGIRSTW]* .* \(.*\)$/  {"lib\1", (void *) \&\1},/p'\'''
lt_cv_sys_global_symbol_to_cdecl='/usr/bin/sed -n -e '\''s/^T .* \(.*\)$/extern int \1();/p'\'' -e '\''s/^[ABCDGIRSTW][ABCDGIRSTW]* .* \(.*\)$/extern char \1;/p'\'''
lt_cv_sys_global_symbol_to_import=
lt_cv_sys_max_cmd_len=1572864
lt_cv_to_host_file_cmd=func_convert_file_noop
lt_cv_to_tool_file_cmd=func_convert_file_noop
lt_cv_truncate_bin='/usr/bin/dd bs=4096 count=1'

## ----------------- ##
## Output variables. ##
## ----------------- ##

ACLOCAL='${SHELL} '\''/usr/local/src/ax25/fpac-4.1.5-rc9/missing'\'' aclocal-1.17'
AMDEPBACKSLASH='\'
AMDEP_FALSE='#'
AMDEP_TRUE=''
AMTAR='$${TAR-tar}'
AM_BACKSLASH='\'
AM_DEFAULT_V='$(AM_DEFAULT_VERBOSITY)'
AM_DEFAULT_VERBOSITY='1'
AM_V='$(V)'
AR='ar'
AUTOCONF='${SHELL} '\''/usr/local/src/ax25/fpac-4.1.5-rc9/missing'\'' autoconf'
AUTOHEADER='${SHELL} '\''/usr/local/src/ax25/fpac-4.1.5-rc9/missing'\'' autoheader'
AUTOMAKE='${SHELL} '\''/usr/local/src/ax25/fpac-4.1.5-rc9/missing'\'' automake-1.17'
AWK='gawk'
AX25_H_FALSE='#'
AX25_H_TRUE=''
AX25_LIB='-lax25'
BASEVERSION='4.1.5'
CC='gcc'
CCDEPMODE='depmode=gcc3'
CFLAGS='-g -O2'
CPP='gcc -E'
CPPFLAGS=''
CSCOPE='cscope'
CTAGS='ctags'
CYGPATH_W='echo'
DEFS='-DHAVE_CONFIG_H'
DEPDIR='.deps'
DLLTOOL='false'
DSYMUTIL=''
DUMPBIN=''
ECHO_C=''
ECHO_N='-n'
ECHO_T=''
EGREP='/usr/bin/grep -E'
ETAGS='etags'
EXEEXT=''
EXTRAVERSION='_rc9'
FGREP='/usr/bin/grep -F'
FILECMD='file'
GREP='/usr/bin/grep'
INSTALL_DATA='${INSTALL} -m 644'
INSTALL_PROGRAM='${INSTALL}'
INSTALL_SCRIPT='${INSTALL}'
INSTALL_STRIP_PROGRAM='$(install_sh) -c -s'
LD='/usr/bin/x86_64-linux-gnu-ld -m elf_x86_64'
LDFLAGS=''
LIBOBJS=''
LIBS=''
LIBTOOL='$(SHELL) $(top_builddir)/libtool'
LIPO=''
LN_S='ln -s'
LTLIBOBJS=''
LT_SYS_LIBRARY_PATH=''
MAKEINFO='${SHELL} '\''/usr/local/src/ax25/fpac-4.1.5-rc9/missing'\'' makeinfo'
MANIFEST_TOOL=':'
MATH_LIB='-lm'
MKDIR_P='mkdir -p'
NCURSES_LIB='-lncurses'
NM='/usr/bin/nm -B'
NMEDIT=''
OBJDUMP='objdump'
OBJEXT='o'
OTOOL64=''
OTOOL=''
PACKAGE='fpac'
PACKAGE_BUGREPORT='bernard.f6bvp@gmail.com'
PACKAGE_NAME='fpac'
PACKAGE_STRING='fpac 4.1.5-rc9'
PACKAGE_TARNAME='fpac'
PACKAGE_URL=''
PACKAGE_VERSION='4.1.5-rc9'
PATH_SEPARATOR=':'
RANLIB='ranlib'
SED='/usr/bin/sed'
SET_MAKE=''
SHELL='/bin/bash'
STRIP='strip'
SVNREV='Unversioned directory'
VERSION='4.1.5-rc9'
ac_ct_AR='ar'
ac_ct_CC='gcc'
ac_ct_DUMPBIN=''
am__EXEEXT_FALSE=''
am__EXEEXT_TRUE='#'
am__fastdepCC_FALSE='#'
am__fastdepCC_TRUE=''
am__include='include'
am__isrc=''
am__leading_dot='.'
am__nodep='_no'
am__quote=''
am__rm_f_notfound=''
am__tar='$${TAR-tar} chof - "$$tardir"'
am__untar='$${TAR-tar} xf -'
am__xargs_n='xargs -n'
bindir='${exec_prefix}/bin'
build='x86_64-pc-linux-gnu'
build_alias=''
build_cpu='x86_64'
build_os='linux-gnu'
build_vendor='pc'
datadir='${datarootdir}'
datarootdir='${prefix}/share'
docdir='${datarootdir}/doc/${PACKAGE_TARNAME}'
dvidir='${docdir}'
exec_prefix='${prefix}'
host='x86_64-pc-linux-gnu'
host_alias=''
host_cpu='x86_64'
host_os='linux-gnu'
host_vendor='pc'
htmldir='${docdir}'
includedir='${prefix}/include'
infodir='${datarootdir}/info'
install_sh='${SHELL} /usr/local/src/ax25/fpac-4.1.5-rc9/install-sh'
libdir='${exec_prefix}/lib'
libexecdir='${exec_prefix}/libexec'
localedir='${datarootdir}/locale'
localstatedir='${prefix}/var'
mandir='${datarootdir}/man'
mkdir_p='$(MKDIR_P)'
oldincludedir='/usr/include'
pdfdir='${docdir}'
prefix='/usr/local'
program_transform_name='s,x,x,'
psdir='${docdir}'
runstatedir='${localstatedir}/run'
sbindir='${exec_prefix}/sbin'
sharedstatedir='${prefix}/com'
sysconfdir='${prefix}/etc'
target_alias=''

## ----------- ##
## confdefs.h. ##
## ----------- ##

/* confdefs.h */
#define PACKAGE_NAME "fpac"
#define PACKAGE_TARNAME "fpac"
#define PACKAGE_VERSION "4.1.5-rc9"
#define PACKAGE_STRING "fpac 4.1.5-rc9"
#define PACKAGE_BUGREPORT "bernard.f6bvp@gmail.com"
#define PACKAGE_URL ""
#define PACKAGE "fpac"
#define VERSION "4.1.5-rc9"
#define HAVE_STDIO_H 1
#define HAVE_STDLIB_H 1
#define HAVE_STRING_H 1
#define HAVE_INTTYPES_H 1
#define HAVE_STDINT_H 1
#define HAVE_STRINGS_H 1
#define HAVE_SYS_STAT_H 1
#define HAVE_SYS_TYPES_H 1
#define HAVE_UNISTD_H 1
#define HAVE_SYS_TIME_H 1
#define HAVE_SYS_PARAM_H 1
#define HAVE_SYS_SELECT_H 1
#define HAVE_SYS_SOCKET_H 1
#define STDC_HEADERS 1
#define HAVE_DLFCN_H 1
#define LT_OBJDIR ".libs/"
#define HAVE_DIRENT_H 1
#define HAVE_SYS_WAIT_H 1
#define HAVE_ASSERT_H 1
#define HAVE_CTYPE_H 1
#define HAVE_ERRNO_H 1
#define HAVE_MALLOC_H 1
#define HAVE_NETDB_H 1
#define HAVE_PATHS_H 1
#define HAVE_SIGNAL_H 1
#define HAVE_STDLIB_H 1
#define HAVE_STRING_H 1
#define HAVE_SYSLOG_H 1
#define HAVE_TERMIOS_H 1
#define HAVE_UNISTD_H 1
#define HAVE_UTMP_H 1
#define HAVE_SYS_FCNTL_H 1
#define HAVE_SYS_FILE_H 1
#define HAVE_SYS_IOCTL_H 1
#define HAVE_SYS_IPC_H 1
#define HAVE_SYS_MMAN_H 1
#define HAVE_SYS_PARAM_H 1
#define HAVE_SYS_SOCKET_H 1
#define HAVE_SYS_STAT_H 1
#define HAVE_SYS_TIME_H 1
#define HAVE_SYS_UN_H 1
#define HAVE_SYS_UTSNAME_H 1
#define HAVE_SYS_TYPES_H 1
#define HAVE_ARPA_INET_H 1
#define HAVE_NET_ETHERNET_H 1
#define HAVE_NET_IF_H 1
#define HAVE_NET_IF_ARP_H 1
#define HAVE_NETINET_IN_H 1
#define HAVE_NETINET_IP_ICMP_H 1
#define HAVE_NETINET_IP_H 1
#define HAVE_LINUX_IF_ETHER_H 1
#define HAVE_NETAX25_AX25_H 1
#define RETSIGTYPE void
#define TIME_WITH_SYS_TIME 1
#define HAVE_CHOWN 1
#define HAVE_FORK 1
#define HAVE_VFORK 1
#define HAVE_GETPAGESIZE 1
#define HAVE_VPRINTF 1
#define HAVE_WORKING_VFORK 1
#define HAVE_WORKING_FORK 1
#define HAVE_MALLOC 1
#define HAVE_MMAP 1
#define HAVE_REALLOC 1
#define SELECT_TYPE_ARG1 int
#define SELECT_TYPE_ARG234 (fd_set *)
#define SELECT_TYPE_ARG5 (struct timeval *)
#define SETPGRP_VOID 1
#define LSTAT_FOLLOWS_SLASHED_SYMLINK 1
#define HAVE_ALARM 1
#define HAVE_DUP2 1
#define HAVE_GETHOSTBYADDR 1
#define HAVE_GETHOSTNAME 1
#define HAVE_GETTIMEOFDAY 1
#define HAVE_INET_NTOA 1
#define HAVE_MEMCHR 1
#define HAVE_MEMSET 1
#define HAVE_MKDIR 1
#define HAVE_MUNMAP 1
#define HAVE_PUTENV 1
#define HAVE_SELECT 1
#define HAVE_SETENV 1
#define HAVE_SOCKET 1
#define HAVE_STRCASECMP 1
#define HAVE_STRCSPN 1
#define HAVE_STRDUP 1
#define HAVE_STRERROR 1
#define HAVE_STRNCASECMP 1
#define HAVE_STRPBRK 1
#define HAVE_STRRCHR 1
#define HAVE_STRSPN 1
#define HAVE_STRSTR 1
#define HAVE_STRTOL 1
#define HAVE_STRTOUL 1
#define HAVE_UNAME 1

configure: exit 0
